01-04 11:25:56.687  7290  7290 E AndroidRuntime: 	at com.example.controller.MainActivityKt$PSJoystickSimple$2$2$1$1.invoke(MainActivity.kt:506)
01-04 11:25:56.687  7290  7290 E AndroidRuntime: 	at com.example.controller.MainActivityKt$PSJoystickSimple$2$2$1$1.invoke(MainActivity.kt:506)
01-04 11:25:56.687  7290  7290 E AndroidRuntime: 	at androidx.compose.ui.draw.DrawBackgroundModifier.draw(DrawModifier.kt:116)
01-04 11:25:56.687  7290  7290 E AndroidRuntime: 	at androidx.compose.ui.node.LayoutNodeDrawScope.drawDirect-x_KDEd0$ui_release(LayoutNodeDrawScope.kt:105)
01-04 11:25:56.687  7290  7290 E AndroidRuntime: 	at androidx.compose.ui.node.LayoutNodeDrawScope.draw-x_KDEd0$ui_release(LayoutNodeDrawScope.kt:86)
01-04 11:25:56.687  7290  7290 E AndroidRuntime: 	at androidx.compose.ui.node.NodeCoordinator.drawContainedDrawModifiers(NodeCoordinator.kt:365)
01-04 11:25:56.687  7290  7290 E AndroidRuntime: 	at androidx.compose.ui.node.NodeCoordinator.draw(NodeCoordinator.kt:354)
01-04 11:25:56.687  7290  7290 E AndroidRuntime: 	at androidx.compose.ui.node.LayoutModifierNodeCoordinator.performDraw(LayoutModifierNodeCoordinator.kt:182)
01-04 11:25:56.687  7290  7290 E AndroidRuntime: 	at androidx.compose.ui.node.NodeCoordinator.drawContainedDrawModifiers(NodeCoordinator.kt:362)
01-04 11:25:56.687  7290  7290 E AndroidRuntime: 	at androidx.compose.ui.node.NodeCoordinator.draw(NodeCoordinator.kt:354)
01-04 11:25:56.687  7290  7290 E AndroidRuntime: 	at androidx.compose.ui.node.LayoutNode.draw$ui_release(LayoutNode.kt:922)
01-04 11:25:56.687  7290  7290 E AndroidRuntime: 	at androidx.compose.ui.node.InnerNodeCoordinator.performDraw(InnerNodeCoordinator.kt:174)
01-04 11:25:56.687  7290  7290 E AndroidRuntime: 	at androidx.compose.ui.node.NodeCoordinator.drawContainedDrawModifiers(NodeCoordinator.kt:362)
01-04 11:25:56.687  7290  7290 E AndroidRuntime: 	at androidx.compose.ui.node.NodeCoordinator.draw(NodeCoordinator.kt:354)
01-04 11:25:56.687  7290  7290 E AndroidRuntime: 	at androidx.compose.ui.node.LayoutModifierNodeCoordinator.performDraw(LayoutModifierNodeCoordinator.kt:182)
01-04 11:25:56.687  7290  7290 E AndroidRuntime: 	at androidx.compose.ui.node.NodeCoordinator.drawContainedDrawModifiers(NodeCoordinator.kt:362)
01-04 11:25:56.687  7290  7290 E AndroidRuntime: 	at androidx.compose.ui.node.NodeCoordinator.draw(NodeCoordinator.kt:354)
01-04 11:25:56.687  7290  7290 E AndroidRuntime: 	at androidx.compose.ui.node.LayoutNode.draw$ui_release(LayoutNode.kt:922)
01-04 11:25:56.687  7290  7290 E AndroidRuntime: 	at androidx.compose.ui.node.InnerNodeCoordinator.performDraw(InnerNodeCoordinator.kt:174)
01-04 11:25:56.687  7290  7290 E AndroidRuntime: 	at androidx.compose.ui.node.LayoutNodeDrawScope.drawContent(LayoutNodeDrawScope.kt:66)
01-04 11:25:56.687  7290  7290 E AndroidRuntime: 	at androidx.compose.foundation.BorderModifierNode$drawRoundRectBorder$1.invoke(Border.kt:313)
01-04 11:25:56.687  7290  7290 E AndroidRuntime: 	at androidx.compose.foundation.BorderModifierNode$drawRoundRectBorder$1.invoke(Border.kt:312)
01-04 11:25:56.687  7290  7290 E AndroidRuntime: 	at androidx.compose.ui.draw.CacheDrawModifierNodeImpl.draw(DrawModifier.kt:221)
01-04 11:25:56.687  7290  7290 E AndroidRuntime: 	at androidx.compose.ui.node.LayoutNodeDrawScope.drawDirect-x_KDEd0$ui_release(LayoutNodeDrawScope.kt:105)
01-04 11:25:56.687  7290  7290 E AndroidRuntime: 	at androidx.compose.ui.node.LayoutNodeDrawScope.performDraw(LayoutNodeDrawScope.kt:76)
01-04 11:25:56.687  7290  7290 E AndroidRuntime: 	at androidx.compose.ui.node.LayoutNodeDrawScope.drawContent(LayoutNodeDrawScope.kt:55)
01-04 11:25:56.687  7290  7290 E AndroidRuntime: 	at androidx.compose.foundation.BackgroundNode.draw(Background.kt:155)
01-04 11:25:56.687  7290  7290 E AndroidRuntime: 	at androidx.compose.ui.node.LayoutNodeDrawScope.drawDirect-x_KDEd0$ui_release(LayoutNodeDrawScope.kt:105)
01-04 11:25:56.687  7290  7290 E AndroidRuntime: 	at androidx.compose.ui.node.LayoutNodeDrawScope.draw-x_KDEd0$ui_release(LayoutNodeDrawScope.kt:86)
01-04 11:25:56.687  7290  7290 E AndroidRuntime: 	at androidx.compose.ui.node.NodeCoordinator.drawContainedDrawModifiers(NodeCoordinator.kt:365)
01-04 11:25:56.687  7290  7290 E AndroidRuntime: 	at androidx.compose.ui.node.NodeCoordinator.draw(NodeCoordinator.kt:354)
01-04 11:25:56.687  7290  7290 E AndroidRuntime: 	at androidx.compose.ui.node.LayoutModifierNodeCoordinator.performDraw(LayoutModifierNodeCoordinator.kt:182)
01-04 11:25:56.687  7290  7290 E AndroidRuntime: 	at androidx.compose.ui.node.NodeCoordinator.drawContainedDrawModifiers(NodeCoordinator.kt:362)
01-04 11:25:56.687  7290  7290 E AndroidRuntime: 	at androidx.compose.ui.node.NodeCoordinator.draw(NodeCoordinator.kt:354)
01-04 11:25:56.687  7290  7290 E AndroidRuntime: 	at androidx.compose.ui.node.LayoutNode.draw$ui_release(LayoutNode.kt:922)
01-04 11:25:56.687  7290  7290 E AndroidRuntime: 	at androidx.compose.ui.node.InnerNodeCoordinator.performDraw(InnerNodeCoordinator.kt:174)
01-04 11:25:56.687  7290  7290 E AndroidRuntime: 	at androidx.compose.ui.node.NodeCoordinator.drawContainedDrawModifiers(NodeCoordinator.kt:362)
01-04 11:25:56.687  7290  7290 E AndroidRuntime: 	at androidx.compose.ui.node.NodeCoordinator.access$drawContainedDrawModifiers(NodeCoordinator.kt:54)
01-04 11:25:56.687  7290  7290 E AndroidRuntime: 	at androidx.compose.ui.node.NodeCoordinator$invoke$1.invoke(NodeCoordinator.kt:384)
01-04 11:25:56.687  7290  7290 E AndroidRuntime: 	at androidx.compose.ui.node.NodeCoordinator$invoke$1.invoke(NodeCoordinator.kt:383)
01-04 11:25:56.690  7290  7290 E AndroidRuntime: 	at androidx.compose.runtime.snapshots.Snapshot$Companion.observe(Snapshot.kt:2299)
01-04 11:25:56.690  7290  7290 E AndroidRuntime: 	at androidx.compose.runtime.snapshots.SnapshotStateObserver$ObservedScopeMap.observe(SnapshotStateObserver.kt:467)
01-04 11:25:56.690  7290  7290 E AndroidRuntime: 	at androidx.compose.runtime.snapshots.SnapshotStateObserver.observeReads(SnapshotStateObserver.kt:230)
01-04 11:25:56.690  7290  7290 E AndroidRuntime: 	at androidx.compose.ui.node.OwnerSnapshotObserver.observeReads$ui_release(OwnerSnapshotObserver.kt:133)
01-04 11:25:56.690  7290  7290 E AndroidRuntime: 	at androidx.compose.ui.node.NodeCoordinator.invoke(NodeCoordinator.kt:383)
01-04 11:25:56.690  7290  7290 E AndroidRuntime: 	at androidx.compose.ui.node.NodeCoordinator.invoke(NodeCoordinator.kt:54)
01-04 11:25:56.690  7290  7290 E AndroidRuntime: 	at androidx.compose.ui.platform.RenderNodeApi29.record(RenderNodeApi29.android.kt:209)
01-04 11:25:56.690  7290  7290 E AndroidRuntime: 	at androidx.compose.ui.platform.RenderNodeLayer.updateDisplayList(RenderNodeLayer.android.kt:305)
01-04 11:25:56.690  7290  7290 E AndroidRuntime: 	at androidx.compose.ui.platform.RenderNodeLayer.drawLayer(RenderNodeLayer.android.kt:246)
01-04 11:25:56.690  7290  7290 E AndroidRuntime: 	at androidx.compose.ui.node.NodeCoordinator.draw(NodeCoordinator.kt:349)
01-04 11:25:56.690  7290  7290 E AndroidRuntime: 	at androidx.compose.ui.node.LayoutModifierNodeCoordinator.performDraw(LayoutModifierNodeCoordinator.kt:182)
01-04 11:25:56.690  7290  7290 E AndroidRuntime: 	at androidx.compose.ui.node.NodeCoordinator.drawContainedDrawModifiers(NodeCoordinator.kt:362)
01-04 11:25:56.690  7290  7290 E AndroidRuntime: 	at androidx.compose.ui.node.NodeCoordinator.draw(NodeCoordinator.kt:354)
01-04 11:25:56.690  7290  7290 E AndroidRuntime: 	at androidx.compose.ui.node.LayoutNode.draw$ui_release(LayoutNode.kt:922)
01-04 11:25:56.690  7290  7290 E AndroidRuntime: 	at androidx.compose.ui.node.InnerNodeCoordinator.performDraw(InnerNodeCoordinator.kt:174)
01-04 11:25:56.690  7290  7290 E AndroidRuntime: 	at androidx.compose.ui.node.LayoutNodeDrawScope.drawContent(LayoutNodeDrawScope.kt:66)
01-04 11:25:56.690  7290  7290 E AndroidRuntime: 	at androidx.compose.foundation.BackgroundNode.draw(Background.kt:155)
01-04 11:25:56.690  7290  7290 E AndroidRuntime: 	at androidx.compose.ui.node.LayoutNodeDrawScope.drawDirect-x_KDEd0$ui_release(LayoutNodeDrawScope.kt:105)
01-04 11:25:56.690  7290  7290 E AndroidRuntime: 	at androidx.compose.ui.node.LayoutNodeDrawScope.draw-x_KDEd0$ui_release(LayoutNodeDrawScope.kt:86)
01-04 11:25:56.690  7290  7290 E AndroidRuntime: 	at androidx.compose.ui.node.NodeCoordinator.drawContainedDrawModifiers(NodeCoordinator.kt:365)
01-04 11:25:56.690  7290  7290 E AndroidRuntime: 	at androidx.compose.ui.node.NodeCoordinator.draw(NodeCoordinator.kt:354)
01-04 11:25:56.690  7290  7290 E AndroidRuntime: 	at androidx.compose.ui.node.LayoutModifierNodeCoordinator.performDraw(LayoutModifierNodeCoordinator.kt:182)
01-04 11:25:56.690  7290  7290 E AndroidRuntime: 	at androidx.compose.ui.node.NodeCoordinator.drawContainedDrawModifiers(NodeCoordinator.kt:362)
01-04 11:25:56.690  7290  7290 E AndroidRuntime: 	at androidx.compose.ui.node.NodeCoordinator.access$drawContainedDrawModifiers(NodeCoordinator.kt:54)
01-04 11:25:56.690  7290  7290 E AndroidRuntime: 	at androidx.compose.ui.node.NodeCoordinator$invoke$1.invoke(NodeCoordinator.kt:384)
01-04 11:25:56.690  7290  7290 E AndroidRuntime: 	at androidx.compose.ui.node.NodeCoordinator$invoke$1.invoke(NodeCoordinator.kt:383)
01-04 11:25:56.690  7290  7290 E AndroidRuntime: 	at androidx.compose.runtime.snapshots.Snapshot$Companion.observe(Snapshot.kt:2299)
01-04 11:25:56.690  7290  7290 E AndroidRuntime: 	at androidx.compose.runtime.snapshots.SnapshotStateObserver$ObservedScopeMap.observe(SnapshotStateObserver.kt:467)
01-04 11:25:56.690  7290  7290 E AndroidRuntime: 	at androidx.compose.runtime.snapshots.SnapshotStateObserver.observeReads(SnapshotStateObserver.kt:230)
01-04 11:25:56.690  7290  7290 E AndroidRuntime: 	at androidx.compose.ui.node.OwnerSnapshotObserver.observeReads$ui_release(OwnerSnapshotObserver.kt:133)
01-04 11:25:56.690  7290  7290 E AndroidRuntime: 	at androidx.compose.ui.node.NodeCoordinator.invoke(NodeCoordinator.kt:383)
01-04 11:25:56.690  7290  7290 E AndroidRuntime: 	at androidx.compose.ui.node.NodeCoordinator.invoke(NodeCoordinator.kt:54)
01-04 11:25:56.690  7290  7290 E AndroidRuntime: 	at androidx.compose.ui.platform.RenderNodeApi29.record(RenderNodeApi29.android.kt:209)
01-04 11:25:56.690  7290  7290 E AndroidRuntime: 	at androidx.compose.ui.platform.RenderNodeLayer.updateDisplayList(RenderNodeLayer.android.kt:305)
01-04 11:25:56.690  7290  7290 E AndroidRuntime: 	at androidx.compose.ui.platform.RenderNodeLayer.drawLayer(RenderNodeLayer.android.kt:246)
01-04 11:25:56.690  7290  7290 E AndroidRuntime: 	at androidx.compose.ui.node.NodeCoordinator.draw(NodeCoordinator.kt:349)
01-04 11:25:56.690  7290  7290 E AndroidRuntime: 	at androidx.compose.ui.node.LayoutNode.draw$ui_release(LayoutNode.kt:922)
01-04 11:25:56.690  7290  7290 E AndroidRuntime: 	at androidx.compose.ui.node.InnerNodeCoordinator.performDraw(InnerNodeCoordinator.kt:174)
01-04 11:25:56.690  7290  7290 E AndroidRuntime: 	at androidx.compose.ui.node.NodeCoordinator.drawContainedDrawModifiers(NodeCoordinator.kt:362)
01-04 11:25:56.690  7290  7290 E AndroidRuntime: 	at androidx.compose.ui.node.NodeCoordinator.draw(NodeCoordinator.kt:354)
01-04 11:25:56.690  7290  7290 E AndroidRuntime: 	at androidx.compose.ui.node.LayoutNode.draw$ui_release(LayoutNode.kt:922)
01-04 11:25:56.690  7290  7290 E AndroidRuntime: 	at androidx.compose.ui.platform.AndroidComposeView.dispatchDraw(AndroidComposeView.android.kt:1133)
01-04 11:25:56.690  7290  7290 E AndroidRuntime: 	at android.view.View.draw(View.java:24935)
01-04 11:25:56.690  7290  7290 E AndroidRuntime: 	at android.view.View.updateDisplayListIfDirty(View.java:23782)
01-04 11:25:56.690  7290  7290 E AndroidRuntime: 	at android.view.View.draw(View.java:24663)
01-04 11:25:56.690  7290  7290 E AndroidRuntime: 	at android.view.ViewGroup.drawChild(ViewGroup.java:4549)
01-04 11:25:56.692  7290  7290 E AndroidRuntime: 	at android.view.ViewGroup.dispatchDraw(ViewGroup.java:4310)
01-04 11:25:56.692  7290  7290 E AndroidRuntime: 	at android.view.View.updateDisplayListIfDirty(View.java:23773)
01-04 11:25:56.692  7290  7290 E AndroidRuntime: 	at android.view.View.draw(View.java:24663)
01-04 11:25:56.692  7290  7290 E AndroidRuntime: 	at android.view.ViewGroup.drawChild(ViewGroup.java:4549)
01-04 11:25:56.692  7290  7290 E AndroidRuntime: 	at android.view.ViewGroup.dispatchDraw(ViewGroup.java:4310)
01-04 11:25:56.692  7290  7290 E AndroidRuntime: 	at android.view.View.updateDisplayListIfDirty(View.java:23773)
01-04 11:25:56.692  7290  7290 E AndroidRuntime: 	at android.view.View.draw(View.java:24663)
01-04 11:25:56.692  7290  7290 E AndroidRuntime: 	at android.view.ViewGroup.drawChild(ViewGroup.java:4549)
01-04 11:25:56.692  7290  7290 E AndroidRuntime: 	at android.view.ViewGroup.dispatchDraw(ViewGroup.java:4310)
01-04 11:25:56.692  7290  7290 E AndroidRuntime: 	at android.view.View.updateDisplayListIfDirty(View.java:23773)
01-04 11:25:56.692  7290  7290 E AndroidRuntime: 	at android.view.View.draw(View.java:24663)
01-04 11:25:56.692  7290  7290 E AndroidRuntime: 	at android.view.ViewGroup.drawChild(ViewGroup.java:4549)
01-04 11:25:56.692  7290  7290 E AndroidRuntime: 	at android.view.ViewGroup.dispatchDraw(ViewGroup.java:4310)
01-04 11:25:56.692  7290  7290 E AndroidRuntime: 	at android.view.View.draw(View.java:24935)
01-04 11:25:56.692  7290  7290 E AndroidRuntime: 	at com.android.internal.policy.DecorView.draw(DecorView.java:799)
01-04 11:25:56.692  7290  7290 E AndroidRuntime: 	at android.view.View.updateDisplayListIfDirty(View.java:23782)
01-04 11:25:56.692  7290  7290 E AndroidRuntime: 	at android.view.ThreadedRenderer.updateViewTreeDisplayList(ThreadedRenderer.java:703)
01-04 11:25:56.692  7290  7290 E AndroidRuntime: 	at android.view.ThreadedRenderer.updateRootDisplayList(ThreadedRenderer.java:709)
01-04 11:25:56.692  7290  7290 E AndroidRuntime: 	at android.view.ThreadedRenderer.draw(ThreadedRenderer.java:807)
01-04 11:25:56.692  7290  7290 E AndroidRuntime: 	at android.view.ViewRootImpl.draw(ViewRootImpl.java:6028)
01-04 11:25:56.692  7290  7290 E AndroidRuntime: 	at android.view.ViewRootImpl.performDraw(ViewRootImpl.java:5674)
01-04 11:25:56.692  7290  7290 E AndroidRuntime: 	at android.view.ViewRootImpl.performTraversals(ViewRootImpl.java:4626)
01-04 11:25:56.692  7290  7290 E AndroidRuntime: 	at android.view.ViewRootImpl.doTraversal(ViewRootImpl.java:3178)
01-04 11:25:56.692  7290  7290 E AndroidRuntime: 	at android.view.ViewRootImpl$TraversalRunnable.run(ViewRootImpl.java:10901)
01-04 11:25:56.692  7290  7290 E AndroidRuntime: 	at android.view.Choreographer$CallbackRecord.run(Choreographer.java:1455)
01-04 11:25:56.692  7290  7290 E AndroidRuntime: 	at android.view.Choreographer$CallbackRecord.run(Choreographer.java:1464)
01-04 11:25:56.692  7290  7290 E AndroidRuntime: 	at android.view.Choreographer.doCallbacks(Choreographer.java:1037)
01-04 11:25:56.692  7290  7290 E AndroidRuntime: 	at android.view.Choreographer.doFrame(Choreographer.java:955)
01-04 11:25:56.692  7290  7290 E AndroidRuntime: 	at android.view.Choreographer$FrameDisplayEventReceiver.run(Choreographer.java:1438)
01-04 11:25:56.692  7290  7290 E AndroidRuntime: 	at android.os.Handler.handleCallback(Handler.java:1001)
01-04 11:25:56.692  7290  7290 E AndroidRuntime: 	at android.os.Handler.dispatchMessage(Handler.java:105)
01-04 11:25:56.692  7290  7290 E AndroidRuntime: 	at android.os.Looper.loopOnce(Looper.java:268)
01-04 11:25:56.692  7290  7290 E AndroidRuntime: 	at android.os.Looper.loop(Looper.java:384)
01-04 11:25:56.692  7290  7290 E AndroidRuntime: 	at android.app.ActivityThread.main(ActivityThread.java:8936)
01-04 11:25:56.692  7290  7290 E AndroidRuntime: 	at java.lang.reflect.Method.invoke(Native Method)
01-04 11:25:56.692  7290  7290 E AndroidRuntime: 	at com.android.internal.os.RuntimeInit$MethodAndArgsCaller.run(RuntimeInit.java:580)
01-04 11:25:56.692  7290  7290 E AndroidRuntime: 	at com.android.internal.os.ZygoteInit.main(ZygoteInit.java:907)
01-04 11:25:56.701  1229  1229 E HWC2    : Invalid CT ID. displayId: 0
01-04 11:25:56.718  1229  1229 E HWC2    : Invalid CT ID. displayId: 0
01-04 11:25:56.734  1229  1229 E HWC2    : Invalid CT ID. displayId: 0
01-04 11:25:56.755  1229  1229 E HWC2    : Invalid CT ID. displayId: 0
01-04 11:25:56.761  6330  6803 E FrameEvents: addRelease: Did not find frame.
01-04 11:25:56.768  1229  1229 E HWC2    : Invalid CT ID. displayId: 0
01-04 11:25:56.778 19960 19970 E FrameEvents: addRelease: Did not find frame.
01-04 11:25:56.784  1229  1229 E HWC2    : Invalid CT ID. displayId: 0
01-04 11:25:56.799  1229  1229 E SurfaceFlinger: Out of order buffers detected for RequestedLayerState{com.motorola.launcher3/com.android.launcher3.CustomizationPanelLauncher#46351 parentId=46348} producedId=2 frameNumber=5 -> producedId=2 frameNumber=2
01-04 11:25:56.799  1229  1229 E SurfaceFlinger: Out of order buffers detected for RequestedLayerState{com.motorola.launcher3/com.android.launcher3.CustomizationPanelLauncher#46342 parentId=10524} producedId=331 frameNumber=57 -> producedId=331 frameNumber=2
01-04 11:25:56.801  1229  1229 E HWC2    : Invalid CT ID. displayId: 0
01-04 11:25:56.818  1229  1229 E HWC2    : Invalid CT ID. displayId: 0
01-04 11:25:56.836  1229  1229 E SurfaceFlinger: Out of order buffers detected for RequestedLayerState{com.motorola.launcher3/com.android.launcher3.CustomizationPanelLauncher#46342 parentId=10524} producedId=331 frameNumber=57 -> producedId=331 frameNumber=3
01-04 11:25:56.838  1229  1229 E HWC2    : Invalid CT ID. displayId: 0
01-04 11:25:56.853  1229  1229 E SurfaceFlinger: Out of order buffers detected for RequestedLayerState{com.motorola.launcher3/com.android.launcher3.CustomizationPanelLauncher#46342 parentId=10524} producedId=331 frameNumber=57 -> producedId=331 frameNumber=4
01-04 11:25:56.855  1229  1229 E HWC2    : Invalid CT ID. displayId: 0
01-04 11:25:56.870  1229  1229 E SurfaceFlinger: Out of order buffers detected for RequestedLayerState{com.motorola.launcher3/com.android.launcher3.CustomizationPanelLauncher#46342 parentId=10524} producedId=331 frameNumber=57 -> producedId=331 frameNumber=5
01-04 11:25:56.872  1229  1229 E HWC2    : Invalid CT ID. displayId: 0
01-04 11:25:56.881  1229  1229 E SurfaceFlinger: Out of order buffers detected for RequestedLayerState{com.motorola.launcher3/com.android.launcher3.CustomizationPanelLauncher#46342 parentId=10524} producedId=331 frameNumber=57 -> producedId=331 frameNumber=6
01-04 11:25:56.882  1229  1229 E HWC2    : Invalid CT ID. displayId: 0
01-04 11:25:56.894  1229  1229 E SurfaceFlinger: Out of order buffers detected for RequestedLayerState{com.motorola.launcher3/com.android.launcher3.CustomizationPanelLauncher#46342 parentId=10524} producedId=331 frameNumber=57 -> producedId=331 frameNumber=7
01-04 11:25:56.895  1229  1229 E HWC2    : Invalid CT ID. displayId: 0
01-04 11:25:56.905  1229  1229 E SurfaceFlinger: Out of order buffers detected for RequestedLayerState{com.motorola.launcher3/com.android.launcher3.CustomizationPanelLauncher#46342 parentId=10524} producedId=331 frameNumber=57 -> producedId=331 frameNumber=8
01-04 11:25:56.906  1229  1229 E HWC2    : Invalid CT ID. displayId: 0
01-04 11:25:56.916  1229  1229 E SurfaceFlinger: Out of order buffers detected for RequestedLayerState{com.motorola.launcher3/com.android.launcher3.CustomizationPanelLauncher#46342 parentId=10524} producedId=331 frameNumber=57 -> producedId=331 frameNumber=9
01-04 11:25:56.917  1229  1229 E HWC2    : Invalid CT ID. displayId: 0
01-04 11:25:56.927  1229  1229 E SurfaceFlinger: Out of order buffers detected for RequestedLayerState{com.motorola.launcher3/com.android.launcher3.CustomizationPanelLauncher#46342 parentId=10524} producedId=331 frameNumber=57 -> producedId=331 frameNumber=10
01-04 11:25:56.928  1229  1229 E HWC2    : Invalid CT ID. displayId: 0
01-04 11:25:56.938  1229  1229 E SurfaceFlinger: Out of order buffers detected for RequestedLayerState{com.motorola.launcher3/com.android.launcher3.CustomizationPanelLauncher#46342 parentId=10524} producedId=331 frameNumber=57 -> producedId=331 frameNumber=11
01-04 11:25:56.939  1229  1229 E HWC2    : Invalid CT ID. displayId: 0
01-04 11:25:56.949  1229  1229 E SurfaceFlinger: Out of order buffers detected for RequestedLayerState{com.motorola.launcher3/com.android.launcher3.CustomizationPanelLauncher#46342 parentId=10524} producedId=331 frameNumber=57 -> producedId=331 frameNumber=12
01-04 11:25:56.950  1229  1229 E HWC2    : Invalid CT ID. displayId: 0
01-04 11:25:56.960  1229  1229 E SurfaceFlinger: Out of order buffers detected for RequestedLayerState{com.motorola.launcher3/com.android.launcher3.CustomizationPanelLauncher#46342 parentId=10524} producedId=331 frameNumber=57 -> producedId=331 frameNumber=13
01-04 11:25:56.961  1229  1229 E HWC2    : Invalid CT ID. displayId: 0
01-04 11:25:56.971  1229  1229 E SurfaceFlinger: Out of order buffers detected for RequestedLayerState{com.motorola.launcher3/com.android.launcher3.CustomizationPanelLauncher#46342 parentId=10524} producedId=331 frameNumber=57 -> producedId=331 frameNumber=14
01-04 11:25:56.972  1229  1229 E HWC2    : Invalid CT ID. displayId: 0
01-04 11:25:56.982  1229  1229 E SurfaceFlinger: Out of order buffers detected for RequestedLayerState{com.motorola.launcher3/com.android.launcher3.CustomizationPanelLauncher#46342 parentId=10524} producedId=331 frameNumber=57 -> producedId=331 frameNumber=15
01-04 11:25:56.983  1229  1229 E HWC2    : Invalid CT ID. displayId: 0
01-04 11:25:56.993  1229  1229 E SurfaceFlinger: Out of order buffers detected for RequestedLayerState{com.motorola.launcher3/com.android.launcher3.CustomizationPanelLauncher#46342 parentId=10524} producedId=331 frameNumber=57 -> producedId=331 frameNumber=16
01-04 11:25:56.994  1229  1229 E HWC2    : Invalid CT ID. displayId: 0
01-04 11:25:57.004  1229  1229 E SurfaceFlinger: Out of order buffers detected for RequestedLayerState{com.motorola.launcher3/com.android.launcher3.CustomizationPanelLauncher#46342 parentId=10524} producedId=331 frameNumber=57 -> producedId=331 frameNumber=17
01-04 11:25:57.005  1229  1229 E HWC2    : Invalid CT ID. displayId: 0
01-04 11:25:57.015  1229  1229 E SurfaceFlinger: Out of order buffers detected for RequestedLayerState{com.motorola.launcher3/com.android.launcher3.CustomizationPanelLauncher#46342 parentId=10524} producedId=331 frameNumber=57 -> producedId=331 frameNumber=18
01-04 11:25:57.016  1229  1229 E HWC2    : Invalid CT ID. displayId: 0
01-04 11:25:57.026  1229  1229 E SurfaceFlinger: Out of order buffers detected for RequestedLayerState{com.motorola.launcher3/com.android.launcher3.CustomizationPanelLauncher#46342 parentId=10524} producedId=331 frameNumber=57 -> producedId=331 frameNumber=19
01-04 11:25:57.028  1229  1229 E HWC2    : Invalid CT ID. displayId: 0
01-04 11:25:57.037  1229  1229 E SurfaceFlinger: Out of order buffers detected for RequestedLayerState{com.motorola.launcher3/com.android.launcher3.CustomizationPanelLauncher#46342 parentId=10524} producedId=331 frameNumber=57 -> producedId=331 frameNumber=20
01-04 11:25:57.038  1229  1229 E HWC2    : Invalid CT ID. displayId: 0
01-04 11:25:57.048  1229  1229 E SurfaceFlinger: Out of order buffers detected for RequestedLayerState{com.motorola.launcher3/com.android.launcher3.CustomizationPanelLauncher#46342 parentId=10524} producedId=331 frameNumber=57 -> producedId=331 frameNumber=21
01-04 11:25:57.050  1229  1229 E HWC2    : Invalid CT ID. displayId: 0
01-04 11:25:57.060  1229  1229 E SurfaceFlinger: Out of order buffers detected for RequestedLayerState{com.motorola.launcher3/com.android.launcher3.CustomizationPanelLauncher#46342 parentId=10524} producedId=331 frameNumber=57 -> producedId=331 frameNumber=22
01-04 11:25:57.061  1229  1229 E HWC2    : Invalid CT ID. displayId: 0
01-04 11:25:57.071  1229  1229 E SurfaceFlinger: Out of order buffers detected for RequestedLayerState{com.motorola.launcher3/com.android.launcher3.CustomizationPanelLauncher#46342 parentId=10524} producedId=331 frameNumber=57 -> producedId=331 frameNumber=23
01-04 11:25:57.072  1229  1229 E HWC2    : Invalid CT ID. displayId: 0
01-04 11:25:57.082  1229  1229 E SurfaceFlinger: Out of order buffers detected for RequestedLayerState{com.motorola.launcher3/com.android.launcher3.CustomizationPanelLauncher#46342 parentId=10524} producedId=331 frameNumber=57 -> producedId=331 frameNumber=24
01-04 11:25:57.083  1229  1229 E HWC2    : Invalid CT ID. displayId: 0
01-04 11:25:57.093  1229  1229 E SurfaceFlinger: Out of order buffers detected for RequestedLayerState{com.motorola.launcher3/com.android.launcher3.CustomizationPanelLauncher#46342 parentId=10524} producedId=331 frameNumber=57 -> producedId=331 frameNumber=25
01-04 11:25:57.094  1229  1229 E HWC2    : Invalid CT ID. displayId: 0
01-04 11:25:57.104  1229  1229 E SurfaceFlinger: Out of order buffers detected for RequestedLayerState{com.motorola.launcher3/com.android.launcher3.CustomizationPanelLauncher#46342 parentId=10524} producedId=331 frameNumber=57 -> producedId=331 frameNumber=26
01-04 11:25:57.105  1229  1229 E HWC2    : Invalid CT ID. displayId: 0
01-04 11:25:57.117  1229  1229 E HWC2    : Invalid CT ID. displayId: 0
01-04 11:25:57.127  1229  1229 E HWC2    : Invalid CT ID. displayId: 0
01-04 11:25:57.138  1229  1229 E HWC2    : Invalid CT ID. displayId: 0
01-04 11:25:57.149  1229  1229 E HWC2    : Invalid CT ID. displayId: 0
01-04 11:25:57.160  1229  1229 E HWC2    : Invalid CT ID. displayId: 0
01-04 11:25:57.170  1229  1229 E SurfaceFlinger: Out of order buffers detected for RequestedLayerState{com.motorola.launcher3/com.android.launcher3.CustomizationPanelLauncher#46342 parentId=10524} producedId=331 frameNumber=57 -> producedId=331 frameNumber=27
01-04 11:25:57.172  1229  1229 E HWC2    : Invalid CT ID. displayId: 0
01-04 11:25:57.181  1229  1229 E SurfaceFlinger: Out of order buffers detected for RequestedLayerState{com.motorola.launcher3/com.android.launcher3.CustomizationPanelLauncher#46342 parentId=10524} producedId=331 frameNumber=57 -> producedId=331 frameNumber=28
01-04 11:25:57.182  1229  1229 E HWC2    : Invalid CT ID. displayId: 0
01-04 11:25:57.192  1229  1229 E SurfaceFlinger: Out of order buffers detected for RequestedLayerState{com.motorola.launcher3/com.android.launcher3.CustomizationPanelLauncher#46342 parentId=10524} producedId=331 frameNumber=57 -> producedId=331 frameNumber=29
01-04 11:25:57.193  1229  1229 E HWC2    : Invalid CT ID. displayId: 0
01-04 11:25:57.203  1229  1229 E SurfaceFlinger: Out of order buffers detected for RequestedLayerState{com.motorola.launcher3/com.android.launcher3.CustomizationPanelLauncher#46342 parentId=10524} producedId=331 frameNumber=57 -> producedId=331 frameNumber=30
01-04 11:25:57.205  1229  1229 E HWC2    : Invalid CT ID. displayId: 0
01-04 11:25:57.214  1229  1229 E SurfaceFlinger: Out of order buffers detected for RequestedLayerState{com.motorola.launcher3/com.android.launcher3.CustomizationPanelLauncher#46342 parentId=10524} producedId=331 frameNumber=57 -> producedId=331 frameNumber=31
01-04 11:25:57.216  1229  1229 E HWC2    : Invalid CT ID. displayId: 0
01-04 11:25:57.225  1229  1229 E SurfaceFlinger: Out of order buffers detected for RequestedLayerState{com.motorola.launcher3/com.android.launcher3.CustomizationPanelLauncher#46342 parentId=10524} producedId=331 frameNumber=57 -> producedId=331 frameNumber=32
01-04 11:25:57.226  1229  1229 E HWC2    : Invalid CT ID. displayId: 0
01-04 11:25:57.237  1229  1229 E SurfaceFlinger: Out of order buffers detected for RequestedLayerState{com.motorola.launcher3/com.android.launcher3.CustomizationPanelLauncher#46342 parentId=10524} producedId=331 frameNumber=57 -> producedId=331 frameNumber=33
01-04 11:25:57.238  1229  1229 E HWC2    : Invalid CT ID. displayId: 0
01-04 11:25:57.248  1229  1229 E SurfaceFlinger: Out of order buffers detected for RequestedLayerState{com.motorola.launcher3/com.android.launcher3.CustomizationPanelLauncher#46342 parentId=10524} producedId=331 frameNumber=57 -> producedId=331 frameNumber=34
01-04 11:25:57.249  1229  1229 E HWC2    : Invalid CT ID. displayId: 0
01-04 11:25:57.259  1229  1229 E SurfaceFlinger: Out of order buffers detected for RequestedLayerState{com.motorola.launcher3/com.android.launcher3.CustomizationPanelLauncher#46342 parentId=10524} producedId=331 frameNumber=57 -> producedId=331 frameNumber=35
01-04 11:25:57.260  1229  1229 E HWC2    : Invalid CT ID. displayId: 0
01-04 11:25:57.270  1229  1229 E SurfaceFlinger: Out of order buffers detected for RequestedLayerState{com.motorola.launcher3/com.android.launcher3.CustomizationPanelLauncher#46342 parentId=10524} producedId=331 frameNumber=57 -> producedId=331 frameNumber=36
01-04 11:25:57.271  1229  1229 E HWC2    : Invalid CT ID. displayId: 0
01-04 11:25:57.281  1229  1229 E SurfaceFlinger: Out of order buffers detected for RequestedLayerState{com.motorola.launcher3/com.android.launcher3.CustomizationPanelLauncher#46342 parentId=10524} producedId=331 frameNumber=57 -> producedId=331 frameNumber=37
01-04 11:25:57.282  1229  1229 E HWC2    : Invalid CT ID. displayId: 0
01-04 11:25:57.292  1229  1229 E SurfaceFlinger: Out of order buffers detected for RequestedLayerState{com.motorola.launcher3/com.android.launcher3.CustomizationPanelLauncher#46342 parentId=10524} producedId=331 frameNumber=57 -> producedId=331 frameNumber=38
01-04 11:25:57.293  1229  1229 E HWC2    : Invalid CT ID. displayId: 0
01-04 11:25:57.303  1229  1229 E SurfaceFlinger: Out of order buffers detected for RequestedLayerState{com.motorola.launcher3/com.android.launcher3.CustomizationPanelLauncher#46342 parentId=10524} producedId=331 frameNumber=57 -> producedId=331 frameNumber=39
01-04 11:25:57.304  1229  1229 E HWC2    : Invalid CT ID. displayId: 0
01-04 11:25:57.314  1229  1229 E SurfaceFlinger: Out of order buffers detected for RequestedLayerState{com.motorola.launcher3/com.android.launcher3.CustomizationPanelLauncher#46342 parentId=10524} producedId=331 frameNumber=57 -> producedId=331 frameNumber=40
01-04 11:25:57.316  1229  1229 E HWC2    : Invalid CT ID. displayId: 0
01-04 11:25:57.325  1229  1229 E SurfaceFlinger: Out of order buffers detected for RequestedLayerState{com.motorola.launcher3/com.android.launcher3.CustomizationPanelLauncher#46342 parentId=10524} producedId=331 frameNumber=57 -> producedId=331 frameNumber=41
01-04 11:25:57.326  1229  1229 E HWC2    : Invalid CT ID. displayId: 0
01-04 11:25:57.337  1229  1229 E HWC2    : Invalid CT ID. displayId: 0
01-04 11:25:57.348  1229  1229 E HWC2    : Invalid CT ID. displayId: 0
01-04 11:25:57.359  1229  1229 E HWC2    : Invalid CT ID. displayId: 0
01-04 11:25:57.370  1229  1229 E HWC2    : Invalid CT ID. displayId: 0
01-04 11:25:57.381  1229  1229 E HWC2    : Invalid CT ID. displayId: 0
01-04 11:25:57.392  1229  1229 E HWC2    : Invalid CT ID. displayId: 0
01-04 11:25:57.403  1229  1229 E HWC2    : Invalid CT ID. displayId: 0
01-04 11:25:57.414  1229  1229 E HWC2    : Invalid CT ID. displayId: 0
01-04 11:25:57.425  1229  1229 E HWC2    : Invalid CT ID. displayId: 0
01-04 11:25:57.437  1229  1229 E HWC2    : Invalid CT ID. displayId: 0
01-04 11:25:57.447  1229  1229 E HWC2    : Invalid CT ID. displayId: 0
01-04 11:25:57.458  1229  1229 E HWC2    : Invalid CT ID. displayId: 0
01-04 11:25:57.469  1229  1229 E HWC2    : Invalid CT ID. displayId: 0
01-04 11:25:57.480  1229  1229 E HWC2    : Invalid CT ID. displayId: 0
01-04 11:25:57.491  1229  1229 E HWC2    : Invalid CT ID. displayId: 0
01-04 11:25:57.502  1229  1229 E HWC2    : Invalid CT ID. displayId: 0
01-04 11:25:57.514  1229  1229 E HWC2    : Invalid CT ID. displayId: 0
01-04 11:25:57.525  1229  1229 E HWC2    : Invalid CT ID. displayId: 0
01-04 11:25:57.536  1229  1229 E HWC2    : Invalid CT ID. displayId: 0
01-04 11:25:57.547  1229  1229 E HWC2    : Invalid CT ID. displayId: 0
01-04 11:25:57.558  1229  1229 E HWC2    : Invalid CT ID. displayId: 0
01-04 11:25:57.569  1229  1229 E HWC2    : Invalid CT ID. displayId: 0
01-04 11:25:57.580  1229  1229 E HWC2    : Invalid CT ID. displayId: 0
01-04 11:25:57.591  1229  1229 E HWC2    : Invalid CT ID. displayId: 0
01-04 11:25:57.602  1229  1229 E HWC2    : Invalid CT ID. displayId: 0
01-04 11:25:57.613  1229  1229 E HWC2    : Invalid CT ID. displayId: 0
01-04 11:25:57.624  1229  1229 E HWC2    : Invalid CT ID. displayId: 0
01-04 11:25:57.635  1229  1229 E HWC2    : Invalid CT ID. displayId: 0
01-04 11:25:57.646  1229  1229 E HWC2    : Invalid CT ID. displayId: 0
01-04 11:25:57.657  1229  1229 E HWC2    : Invalid CT ID. displayId: 0
01-04 11:25:57.668  1229  1229 E HWC2    : Invalid CT ID. displayId: 0
01-04 11:25:57.679  1229  1229 E HWC2    : Invalid CT ID. displayId: 0
01-04 11:25:57.691  1229  1229 E HWC2    : Invalid CT ID. displayId: 0
01-04 11:25:57.702  1229  1229 E HWC2    : Invalid CT ID. displayId: 0
01-04 11:25:57.713  1229  1229 E HWC2    : Invalid CT ID. displayId: 0
01-04 11:25:57.724  1229  1229 E HWC2    : Invalid CT ID. displayId: 0
01-04 11:25:57.735  1229  1229 E HWC2    : Invalid CT ID. displayId: 0
01-04 11:25:57.746  1229  1229 E HWC2    : Invalid CT ID. displayId: 0
01-04 11:25:57.757  1229  1229 E HWC2    : Invalid CT ID. displayId: 0
01-04 11:25:57.768  1229  1229 E HWC2    : Invalid CT ID. displayId: 0
01-04 11:25:57.779  1229  1229 E HWC2    : Invalid CT ID. displayId: 0
01-04 11:25:57.790  1229  1229 E HWC2    : Invalid CT ID. displayId: 0
01-04 11:25:57.801  1229  1229 E HWC2    : Invalid CT ID. displayId: 0
01-04 11:25:57.813  1229  1229 E HWC2    : Invalid CT ID. displayId: 0
01-04 11:25:57.824  1229  1229 E HWC2    : Invalid CT ID. displayId: 0
01-04 11:25:58.302  1229  1229 E HWC2    : Invalid CT ID. displayId: 0
01-04 11:25:58.314  1229  1229 E HWC2    : Invalid CT ID. displayId: 0
01-04 11:25:58.325  1229  1229 E HWC2    : Invalid CT ID. displayId: 0
01-04 11:25:58.335  1229  1229 E HWC2    : Invalid CT ID. displayId: 0
01-04 11:25:58.369  1229  1229 E HWC2    : Invalid CT ID. displayId: 0
01-04 11:25:58.828  1229  1229 E HWC2    : Invalid CT ID. displayId: 0
01-04 11:25:58.841  1229  1229 E HWC2    : Invalid CT ID. displayId: 0
01-04 11:25:59.106 29065 30461 E TaskPersister: File error accessing recents directory (directory doesn't exist?).
01-04 11:25:59.700 12066 12087 E bt_btu_hcif: btu_hcif.cc:1211 btu_hcif_hdl_command_status: Command status for opcode:0x41d should not be handled here status:HCI_SUCCESS
01-04 11:25:59.715 12066 12087 E bta_gattc_main: bta_gattc_main.cc:399 bta_gattc_hdl_event: Ignore unknown conn ID: 3
01-04 11:25:59.715 12066 12087 E bta_gattc_main: bta_gattc_main.cc:399 bta_gattc_hdl_event: Ignore unknown conn ID: 4
01-04 11:25:59.715 12066 12087 E bta_gattc_main: bta_gattc_main.cc:399 bta_gattc_hdl_event: Ignore unknown conn ID: 5
01-04 11:25:59.721 12066 12087 E ble_sec : btm_ble_sec.cc:1394 btm_ble_ltk_request_reply: key size=16
01-04 11:25:59.722 12066 12087 E bt_btu_hcif: btu_hcif.cc:1046 btu_hcif_hdl_command_complete: Command complete for opcode:0x201a should not be handled here
01-04 11:25:59.724 12066 12103 E BluetoothRemoteDevices: RemoteException in calling IBluetoothConnectionCallback
01-04 11:25:59.724 12066 12103 E BluetoothRemoteDevices: RemoteException in calling IBluetoothConnectionCallback
01-04 11:25:59.725 12066 12103 E BluetoothRemoteDevices: RemoteException in calling IBluetoothConnectionCallback
01-04 11:25:59.753 12066 12087 E bta_gattc_main: bta_gattc_main.cc:399 bta_gattc_hdl_event: Ignore unknown conn ID: 3
01-04 11:25:59.753 12066 12087 E bta_gattc_main: bta_gattc_main.cc:399 bta_gattc_hdl_event: Ignore unknown conn ID: 4
01-04 11:25:59.754 12066 12087 E bta_gattc_main: bta_gattc_main.cc:399 bta_gattc_hdl_event: Ignore unknown conn ID: 5
01-04 11:25:59.769 12066 12103 E BluetoothAdapterService: Invalid HCI disconnect reason: 61
01-04 11:25:59.772 12066 12103 E BluetoothAdapterService: Invalid HCI disconnect reason: 61
01-04 11:25:59.772 12066 12103 E BluetoothRemoteDevices: RemoteException in calling IBluetoothConnectionCallback
01-04 11:25:59.772 12066 12103 E BluetoothAdapterService: Invalid HCI disconnect reason: 61
01-04 11:25:59.772 12066 12103 E BluetoothAdapterService: Invalid HCI disconnect reason: 61
01-04 11:25:59.772 12066 12103 E BluetoothRemoteDevices: RemoteException in calling IBluetoothConnectionCallback
01-04 11:25:59.772 12066 12103 E BluetoothAdapterService: Invalid HCI disconnect reason: 61
01-04 11:25:59.772 12066 12103 E BluetoothAdapterService: Invalid HCI disconnect reason: 61
01-04 11:25:59.772 12066 12103 E BluetoothRemoteDevices: RemoteException in calling IBluetoothConnectionCallback
01-04 11:26:00.045  1229  1229 E HWC2    : Invalid CT ID. displayId: 0
01-04 11:26:00.104  1229  1229 E HWC2    : Invalid CT ID. displayId: 0
01-04 11:26:00.132 29065 29340 E ClipboardService: Denying clipboard access to com.google.android.gms, application is not in focus nor is it a system service for user 0
01-04 11:26:00.133 29065 29340 E ClipboardService: Denying clipboard access to com.android.chrome, application is not in focus nor is it a system service for user 0
01-04 11:26:00.133 29065 29340 E ClipboardService: Denying clipboard access to com.swishme.moto, application is not in focus nor is it a system service for user 0
01-04 11:26:00.134  1229  1229 E HWC2    : Invalid CT ID. displayId: 0
01-04 11:26:00.161  7346  7362 E Codec2Buffer: handle is not compatible to any gralloc C2Handle types
01-04 11:26:00.165  1229  1229 E HWC2    : Invalid CT ID. displayId: 0
01-04 11:26:00.178  1229  1229 E SurfaceFlinger: [studio.screen.sharing:0] getUniqueId: Invalid operation on virtual display
01-04 11:26:00.179  1229  1229 E SurfaceFlinger: [studio.screen.sharing:0] getUniqueId: Invalid operation on virtual display
01-04 11:26:00.179  1229  1229 E Surface : Failed to getUniqueId()
01-04 11:26:00.187  1229  1229 E HWC2    : Invalid CT ID. displayId: 0
01-04 11:26:00.199  1229  1229 E HWC2    : Invalid CT ID. displayId: 0
01-04 11:26:00.703  1229  1229 E HWC2    : Invalid CT ID. displayId: 0
01-04 11:26:00.717  1229  1229 E HWC2    : Invalid CT ID. displayId: 0
01-04 11:26:02.042  7389  7389 E Parcel  : Reading a NULL string not supported here.
01-04 11:26:02.055  7389  7389 E Parcel  : Reading a NULL string not supported here.
01-04 11:26:02.056  7389  7389 E Parcel  : Reading a NULL string not supported here.
01-04 11:26:02.057  7389  7389 E Parcel  : Reading a NULL string not supported here.
01-04 11:26:02.058  7389  7389 E Parcel  : Reading a NULL string not supported here.
01-04 11:26:02.059  7389  7389 E Parcel  : Reading a NULL string not supported here.
01-04 11:26:02.061  7389  7389 E Parcel  : Reading a NULL string not supported here.
01-04 11:26:02.062  7389  7389 E Parcel  : Reading a NULL string not supported here.
01-04 11:26:02.062  7389  7389 E Parcel  : Reading a NULL string not supported here.
01-04 11:26:02.063  7389  7389 E Parcel  : Reading a NULL string not supported here.
01-04 11:26:02.063  7389  7389 E Parcel  : Reading a NULL string not supported here.
01-04 11:26:02.064  7389  7389 E Parcel  : Reading a NULL string not supported here.
01-04 11:26:02.066  7389  7389 E Parcel  : Reading a NULL string not supported here.
01-04 11:26:02.071  7389  7389 E Parcel  : Reading a NULL string not supported here.
01-04 11:26:02.071  7389  7389 E Parcel  : Reading a NULL string not supported here.
01-04 11:26:02.075  7389  7389 E Parcel  : Reading a NULL string not supported here.
01-04 11:26:02.079  7389  7389 E Parcel  : Reading a NULL string not supported here.
01-04 11:26:02.081  7389  7389 E Parcel  : Reading a NULL string not supported here.
01-04 11:26:02.083  7389  7389 E Parcel  : Reading a NULL string not supported here.
01-04 11:26:02.088  7389  7389 E Parcel  : Reading a NULL string not supported here.
01-04 11:26:02.090  7389  7389 E Parcel  : Reading a NULL string not supported here.
01-04 11:26:02.094  7389  7389 E Parcel  : Reading a NULL string not supported here.
01-04 11:26:02.095  7389  7389 E Parcel  : Reading a NULL string not supported here.
01-04 11:26:02.110  6290  6290 E studio.deploy: ERROR: Could not remove dir '/data/data/com.example.controller/code_cache/.ll/': No such file or directory
01-04 11:26:02.178  7399  7399 E Parcel  : Reading a NULL string not supported here.
01-04 11:26:02.186  7399  7399 E Parcel  : Reading a NULL string not supported here.
01-04 11:26:02.187  7399  7399 E Parcel  : Reading a NULL string not supported here.
01-04 11:26:02.189  7399  7399 E Parcel  : Reading a NULL string not supported here.
01-04 11:26:02.189  7399  7399 E Parcel  : Reading a NULL string not supported here.
01-04 11:26:02.190  7399  7399 E Parcel  : Reading a NULL string not supported here.
01-04 11:26:02.192  7399  7399 E Parcel  : Reading a NULL string not supported here.
01-04 11:26:02.193  7399  7399 E Parcel  : Reading a NULL string not supported here.
01-04 11:26:02.193  7399  7399 E Parcel  : Reading a NULL string not supported here.
01-04 11:26:02.194  7399  7399 E Parcel  : Reading a NULL string not supported here.
01-04 11:26:02.194  7399  7399 E Parcel  : Reading a NULL string not supported here.
01-04 11:26:02.196  7399  7399 E Parcel  : Reading a NULL string not supported here.
01-04 11:26:02.197  7399  7399 E Parcel  : Reading a NULL string not supported here.
01-04 11:26:02.202  7399  7399 E Parcel  : Reading a NULL string not supported here.
01-04 11:26:02.203  7399  7399 E Parcel  : Reading a NULL string not supported here.
01-04 11:26:02.206  7399  7399 E Parcel  : Reading a NULL string not supported here.
01-04 11:26:02.210  7399  7399 E Parcel  : Reading a NULL string not supported here.
01-04 11:26:02.212  7399  7399 E Parcel  : Reading a NULL string not supported here.
01-04 11:26:02.214  7399  7399 E Parcel  : Reading a NULL string not supported here.
01-04 11:26:02.218  7399  7399 E Parcel  : Reading a NULL string not supported here.
01-04 11:26:02.221  7399  7399 E Parcel  : Reading a NULL string not supported here.
01-04 11:26:02.224  7399  7399 E Parcel  : Reading a NULL string not supported here.
01-04 11:26:02.225  7399  7399 E Parcel  : Reading a NULL string not supported here.
01-04 11:26:02.297 29065 29340 E PersistenceController: SettingNotFoundException: sv_custom_ai_icon_enabled
01-04 11:26:02.299 29065 29599 E PersistenceController: SettingNotFoundException: sv_custom_ai_icon_enabled
01-04 11:26:02.316  1229  1229 E HWC2    : Invalid CT ID. displayId: 0
01-04 11:26:02.380  1229  1229 E HWC2    : Invalid CT ID. displayId: 0
01-04 11:26:02.417  1229  1229 E HWC2    : Invalid CT ID. displayId: 0
01-04 11:26:02.448  1229  1229 E HWC2    : Invalid CT ID. displayId: 0
01-04 11:26:02.465  1229  1229 E HWC2    : Invalid CT ID. displayId: 0
01-04 11:26:02.481  1229  1229 E HWC2    : Invalid CT ID. displayId: 0
01-04 11:26:02.498  1229  1229 E HWC2    : Invalid CT ID. displayId: 0
01-04 11:26:02.515  1229  1229 E HWC2    : Invalid CT ID. displayId: 0
01-04 11:26:02.531  1229  1229 E HWC2    : Invalid CT ID. displayId: 0
01-04 11:26:02.547  1229  1229 E HWC2    : Invalid CT ID. displayId: 0
01-04 11:26:02.564  1229  1229 E HWC2    : Invalid CT ID. displayId: 0
01-04 11:26:02.581  1229  1229 E HWC2    : Invalid CT ID. displayId: 0
01-04 11:26:02.597  1229  1229 E HWC2    : Invalid CT ID. displayId: 0
01-04 11:26:02.614  1229  1229 E HWC2    : Invalid CT ID. displayId: 0
01-04 11:26:02.630  1229  1229 E HWC2    : Invalid CT ID. displayId: 0
01-04 11:26:02.647  1229  1229 E HWC2    : Invalid CT ID. displayId: 0
01-04 11:26:02.663  1229  1229 E HWC2    : Invalid CT ID. displayId: 0
01-04 11:26:02.680  1229  1229 E HWC2    : Invalid CT ID. displayId: 0
01-04 11:26:02.697  1229  1229 E HWC2    : Invalid CT ID. displayId: 0
01-04 11:26:02.713  1229  1229 E HWC2    : Invalid CT ID. displayId: 0
01-04 11:26:02.730  1229  1229 E HWC2    : Invalid CT ID. displayId: 0
01-04 11:26:02.747  1229  1229 E HWC2    : Invalid CT ID. displayId: 0
01-04 11:26:02.763  1229  1229 E HWC2    : Invalid CT ID. displayId: 0
01-04 11:26:02.787  7346  7361 E MediaCodec: Pending dequeue output buffer request cancelled
01-04 11:26:02.787  7346  7359 E NdkMediaCodec: untranslated sf error code: -38
01-04 11:26:02.810  7406  7423 E QT      : [QT]file does not exist
01-04 11:26:02.811  7406  7423 E QT      : [QT]file does not exist
01-04 11:26:02.831  1229  1229 E HWC2    : Invalid CT ID. displayId: 0
01-04 11:26:02.847  1229  1229 E HWC2    : Invalid CT ID. displayId: 0
01-04 11:26:02.863  1229  1229 E HWC2    : Invalid CT ID. displayId: 0
01-04 11:26:02.880  1229  1229 E HWC2    : Invalid CT ID. displayId: 0
01-04 11:26:02.897  1229  1229 E HWC2    : Invalid CT ID. displayId: 0
01-04 11:26:02.912  1229  1229 E HWC2    : Invalid CT ID. displayId: 0
01-04 11:26:02.927  7346  7428 E Codec2Buffer: handle is not compatible to any gralloc C2Handle types
01-04 11:26:02.928  1229  1229 E HWC2    : Invalid CT ID. displayId: 0
01-04 11:26:02.946  1229  1229 E HWC2    : Invalid CT ID. displayId: 0
01-04 11:26:02.962  1229  1229 E SurfaceFlinger: [studio.screen.sharing:0] getUniqueId: Invalid operation on virtual display
01-04 11:26:02.962  1229  1229 E SurfaceFlinger: [studio.screen.sharing:0] getUniqueId: Invalid operation on virtual display
01-04 11:26:02.962  1229  1229 E Surface : Failed to getUniqueId()
01-04 11:26:02.978  1229  1229 E HWC2    : Invalid CT ID. displayId: 0
01-04 11:26:02.996  1229  1229 E HWC2    : Invalid CT ID. displayId: 0
01-04 11:26:03.012  1229  1229 E HWC2    : Invalid CT ID. displayId: 0
01-04 11:26:03.029  1229  1229 E HWC2    : Invalid CT ID. displayId: 0
01-04 11:26:03.046  1229  1229 E HWC2    : Invalid CT ID. displayId: 0
01-04 11:26:03.062  1229  1229 E HWC2    : Invalid CT ID. displayId: 0
01-04 11:26:03.079  1229  1229 E HWC2    : Invalid CT ID. displayId: 0
01-04 11:26:03.096  1229  1229 E HWC2    : Invalid CT ID. displayId: 0
01-04 11:26:03.112  1229  1229 E HWC2    : Invalid CT ID. displayId: 0
01-04 11:26:03.128  1229  1229 E HWC2    : Invalid CT ID. displayId: 0
01-04 11:26:03.145  1229  1229 E HWC2    : Invalid CT ID. displayId: 0
01-04 11:26:03.161  1229  1229 E HWC2    : Invalid CT ID. displayId: 0
01-04 11:26:03.178  1229  1229 E HWC2    : Invalid CT ID. displayId: 0
01-04 11:26:03.195  1229  1229 E HWC2    : Invalid CT ID. displayId: 0
01-04 11:26:03.211  1229  1229 E HWC2    : Invalid CT ID. displayId: 0
01-04 11:26:03.228  1229  1229 E HWC2    : Invalid CT ID. displayId: 0
01-04 11:26:03.244  1229  1229 E HWC2    : Invalid CT ID. displayId: 0
01-04 11:26:03.261  1229  1229 E HWC2    : Invalid CT ID. displayId: 0
01-04 11:26:03.278  1229  1229 E HWC2    : Invalid CT ID. displayId: 0
01-04 11:26:03.294  1229  1229 E HWC2    : Invalid CT ID. displayId: 0
01-04 11:26:03.311  1229  1229 E HWC2    : Invalid CT ID. displayId: 0
01-04 11:26:03.327  1229  1229 E HWC2    : Invalid CT ID. displayId: 0
01-04 11:26:03.344  1229  1229 E HWC2    : Invalid CT ID. displayId: 0
01-04 11:26:03.360  1229  1229 E HWC2    : Invalid CT ID. displayId: 0
01-04 11:26:03.377  1229  1229 E HWC2    : Invalid CT ID. displayId: 0
01-04 11:26:03.394  1229  1229 E HWC2    : Invalid CT ID. displayId: 0
01-04 11:26:03.410  1229  1229 E HWC2    : Invalid CT ID. displayId: 0
01-04 11:26:03.427  1229  1229 E HWC2    : Invalid CT ID. displayId: 0
01-04 11:26:03.444  1229  1229 E HWC2    : Invalid CT ID. displayId: 0
01-04 11:26:03.454  7406  7406 E FBI     : Can't load library: dlopen failed: library "libmagtsync.so" not found
01-04 11:26:03.461  1229  1229 E HWC2    : Invalid CT ID. displayId: 0
01-04 11:26:03.469  1229  1358 E HWComposer: getSupportedContentTypes: getSupportedContentTypes failed for display 0: Unsupported (8)
01-04 11:26:03.477  1229  1229 E HWC2    : Invalid CT ID. displayId: 0
01-04 11:26:03.494  1229  1229 E HWC2    : Invalid CT ID. displayId: 0
01-04 11:26:03.510  1229  1229 E HWC2    : Invalid CT ID. displayId: 0
01-04 11:26:03.527  1229  1229 E HWC2    : Invalid CT ID. displayId: 0
01-04 11:26:03.534  7406  7406 E AndroidRuntime: FATAL EXCEPTION: main
01-04 11:26:03.534  7406  7406 E AndroidRuntime: Process: com.example.controller, PID: 7406
01-04 11:26:03.534  7406  7406 E AndroidRuntime: java.lang.IllegalArgumentException: red = 0.2, green = 0.2, blue = 0.2, alpha = 1.2 outside the range for sRGB IEC61966-2.1 (id=0, model=Rgb)
01-04 11:26:03.534  7406  7406 E AndroidRuntime: 	at androidx.compose.ui.graphics.ColorKt.Color(Color.kt:406)
01-04 11:26:03.534  7406  7406 E AndroidRuntime: 	at androidx.compose.ui.graphics.Color.copy-wmQWz5c(Color.kt:254)
01-04 11:26:03.534  7406  7406 E AndroidRuntime: 	at androidx.compose.ui.graphics.Color.copy-wmQWz5c$default(Color.kt:249)
01-04 11:26:03.534  7406  7406 E AndroidRuntime: 	at com.example.controller.MainActivityKt$PSJoystickSimple$2$2$1$1.invoke(MainActivity.kt:506)
01-04 11:26:03.534  7406  7406 E AndroidRuntime: 	at com.example.controller.MainActivityKt$PSJoystickSimple$2$2$1$1.invoke(MainActivity.kt:506)
01-04 11:26:03.534  7406  7406 E AndroidRuntime: 	at androidx.compose.ui.draw.DrawBackgroundModifier.draw(DrawModifier.kt:116)
01-04 11:26:03.534  7406  7406 E AndroidRuntime: 	at androidx.compose.ui.node.LayoutNodeDrawScope.drawDirect-x_KDEd0$ui_release(LayoutNodeDrawScope.kt:105)
01-04 11:26:03.534  7406  7406 E AndroidRuntime: 	at androidx.compose.ui.node.LayoutNodeDrawScope.draw-x_KDEd0$ui_release(LayoutNodeDrawScope.kt:86)
01-04 11:26:03.534  7406  7406 E AndroidRuntime: 	at androidx.compose.ui.node.NodeCoordinator.drawContainedDrawModifiers(NodeCoordinator.kt:365)
01-04 11:26:03.534  7406  7406 E AndroidRuntime: 	at androidx.compose.ui.node.NodeCoordinator.draw(NodeCoordinator.kt:354)
01-04 11:26:03.534  7406  7406 E AndroidRuntime: 	at androidx.compose.ui.node.LayoutModifierNodeCoordinator.performDraw(LayoutModifierNodeCoordinator.kt:182)
01-04 11:26:03.534  7406  7406 E AndroidRuntime: 	at androidx.compose.ui.node.NodeCoordinator.drawContainedDrawModifiers(NodeCoordinator.kt:362)
