01-04 11:26:03.534  7406  7406 E AndroidRuntime: 	at androidx.compose.ui.node.NodeCoordinator.draw(NodeCoordinator.kt:354)
01-04 11:26:03.534  7406  7406 E AndroidRuntime: 	at androidx.compose.ui.node.LayoutNode.draw$ui_release(LayoutNode.kt:922)
01-04 11:26:03.534  7406  7406 E AndroidRuntime: 	at androidx.compose.ui.node.InnerNodeCoordinator.performDraw(InnerNodeCoordinator.kt:174)
01-04 11:26:03.534  7406  7406 E AndroidRuntime: 	at androidx.compose.ui.node.NodeCoordinator.drawContainedDrawModifiers(NodeCoordinator.kt:362)
01-04 11:26:03.534  7406  7406 E AndroidRuntime: 	at androidx.compose.ui.node.NodeCoordinator.draw(NodeCoordinator.kt:354)
01-04 11:26:03.534  7406  7406 E AndroidRuntime: 	at androidx.compose.ui.node.LayoutModifierNodeCoordinator.performDraw(LayoutModifierNodeCoordinator.kt:182)
01-04 11:26:03.534  7406  7406 E AndroidRuntime: 	at androidx.compose.ui.node.NodeCoordinator.drawContainedDrawModifiers(NodeCoordinator.kt:362)
01-04 11:26:03.534  7406  7406 E AndroidRuntime: 	at androidx.compose.ui.node.NodeCoordinator.draw(NodeCoordinator.kt:354)
01-04 11:26:03.534  7406  7406 E AndroidRuntime: 	at androidx.compose.ui.node.LayoutNode.draw$ui_release(LayoutNode.kt:922)
01-04 11:26:03.534  7406  7406 E AndroidRuntime: 	at androidx.compose.ui.node.InnerNodeCoordinator.performDraw(InnerNodeCoordinator.kt:174)
01-04 11:26:03.534  7406  7406 E AndroidRuntime: 	at androidx.compose.ui.node.LayoutNodeDrawScope.drawContent(LayoutNodeDrawScope.kt:66)
01-04 11:26:03.534  7406  7406 E AndroidRuntime: 	at androidx.compose.foundation.BorderModifierNode$drawRoundRectBorder$1.invoke(Border.kt:313)
01-04 11:26:03.534  7406  7406 E AndroidRuntime: 	at androidx.compose.foundation.BorderModifierNode$drawRoundRectBorder$1.invoke(Border.kt:312)
01-04 11:26:03.534  7406  7406 E AndroidRuntime: 	at androidx.compose.ui.draw.CacheDrawModifierNodeImpl.draw(DrawModifier.kt:221)
01-04 11:26:03.534  7406  7406 E AndroidRuntime: 	at androidx.compose.ui.node.LayoutNodeDrawScope.drawDirect-x_KDEd0$ui_release(LayoutNodeDrawScope.kt:105)
01-04 11:26:03.534  7406  7406 E AndroidRuntime: 	at androidx.compose.ui.node.LayoutNodeDrawScope.performDraw(LayoutNodeDrawScope.kt:76)
01-04 11:26:03.534  7406  7406 E AndroidRuntime: 	at androidx.compose.ui.node.LayoutNodeDrawScope.drawContent(LayoutNodeDrawScope.kt:55)
01-04 11:26:03.534  7406  7406 E AndroidRuntime: 	at androidx.compose.foundation.BackgroundNode.draw(Background.kt:155)
01-04 11:26:03.534  7406  7406 E AndroidRuntime: 	at androidx.compose.ui.node.LayoutNodeDrawScope.drawDirect-x_KDEd0$ui_release(LayoutNodeDrawScope.kt:105)
01-04 11:26:03.534  7406  7406 E AndroidRuntime: 	at androidx.compose.ui.node.LayoutNodeDrawScope.draw-x_KDEd0$ui_release(LayoutNodeDrawScope.kt:86)
01-04 11:26:03.534  7406  7406 E AndroidRuntime: 	at androidx.compose.ui.node.NodeCoordinator.drawContainedDrawModifiers(NodeCoordinator.kt:365)
01-04 11:26:03.534  7406  7406 E AndroidRuntime: 	at androidx.compose.ui.node.NodeCoordinator.draw(NodeCoordinator.kt:354)
01-04 11:26:03.534  7406  7406 E AndroidRuntime: 	at androidx.compose.ui.node.LayoutModifierNodeCoordinator.performDraw(LayoutModifierNodeCoordinator.kt:182)
01-04 11:26:03.534  7406  7406 E AndroidRuntime: 	at androidx.compose.ui.node.NodeCoordinator.drawContainedDrawModifiers(NodeCoordinator.kt:362)
01-04 11:26:03.534  7406  7406 E AndroidRuntime: 	at androidx.compose.ui.node.NodeCoordinator.draw(NodeCoordinator.kt:354)
01-04 11:26:03.534  7406  7406 E AndroidRuntime: 	at androidx.compose.ui.node.LayoutNode.draw$ui_release(LayoutNode.kt:922)
01-04 11:26:03.534  7406  7406 E AndroidRuntime: 	at androidx.compose.ui.node.InnerNodeCoordinator.performDraw(InnerNodeCoordinator.kt:174)
01-04 11:26:03.534  7406  7406 E AndroidRuntime: 	at androidx.compose.ui.node.NodeCoordinator.drawContainedDrawModifiers(NodeCoordinator.kt:362)
01-04 11:26:03.534  7406  7406 E AndroidRuntime: 	at androidx.compose.ui.node.NodeCoordinator.access$drawContainedDrawModifiers(NodeCoordinator.kt:54)
01-04 11:26:03.534  7406  7406 E AndroidRuntime: 	at androidx.compose.ui.node.NodeCoordinator$invoke$1.invoke(NodeCoordinator.kt:384)
01-04 11:26:03.534  7406  7406 E AndroidRuntime: 	at androidx.compose.ui.node.NodeCoordinator$invoke$1.invoke(NodeCoordinator.kt:383)
01-04 11:26:03.537  7406  7406 E AndroidRuntime: 	at androidx.compose.runtime.snapshots.Snapshot$Companion.observe(Snapshot.kt:2299)
01-04 11:26:03.537  7406  7406 E AndroidRuntime: 	at androidx.compose.runtime.snapshots.SnapshotStateObserver$ObservedScopeMap.observe(SnapshotStateObserver.kt:467)
01-04 11:26:03.537  7406  7406 E AndroidRuntime: 	at androidx.compose.runtime.snapshots.SnapshotStateObserver.observeReads(SnapshotStateObserver.kt:230)
01-04 11:26:03.537  7406  7406 E AndroidRuntime: 	at androidx.compose.ui.node.OwnerSnapshotObserver.observeReads$ui_release(OwnerSnapshotObserver.kt:133)
01-04 11:26:03.537  7406  7406 E AndroidRuntime: 	at androidx.compose.ui.node.NodeCoordinator.invoke(NodeCoordinator.kt:383)
01-04 11:26:03.537  7406  7406 E AndroidRuntime: 	at androidx.compose.ui.node.NodeCoordinator.invoke(NodeCoordinator.kt:54)
01-04 11:26:03.537  7406  7406 E AndroidRuntime: 	at androidx.compose.ui.platform.RenderNodeApi29.record(RenderNodeApi29.android.kt:209)
01-04 11:26:03.537  7406  7406 E AndroidRuntime: 	at androidx.compose.ui.platform.RenderNodeLayer.updateDisplayList(RenderNodeLayer.android.kt:305)
01-04 11:26:03.537  7406  7406 E AndroidRuntime: 	at androidx.compose.ui.platform.RenderNodeLayer.drawLayer(RenderNodeLayer.android.kt:246)
01-04 11:26:03.537  7406  7406 E AndroidRuntime: 	at androidx.compose.ui.node.NodeCoordinator.draw(NodeCoordinator.kt:349)
01-04 11:26:03.537  7406  7406 E AndroidRuntime: 	at androidx.compose.ui.node.LayoutModifierNodeCoordinator.performDraw(LayoutModifierNodeCoordinator.kt:182)
01-04 11:26:03.537  7406  7406 E AndroidRuntime: 	at androidx.compose.ui.node.NodeCoordinator.drawContainedDrawModifiers(NodeCoordinator.kt:362)
01-04 11:26:03.537  7406  7406 E AndroidRuntime: 	at androidx.compose.ui.node.NodeCoordinator.draw(NodeCoordinator.kt:354)
01-04 11:26:03.537  7406  7406 E AndroidRuntime: 	at androidx.compose.ui.node.LayoutNode.draw$ui_release(LayoutNode.kt:922)
01-04 11:26:03.537  7406  7406 E AndroidRuntime: 	at androidx.compose.ui.node.InnerNodeCoordinator.performDraw(InnerNodeCoordinator.kt:174)
01-04 11:26:03.537  7406  7406 E AndroidRuntime: 	at androidx.compose.ui.node.LayoutNodeDrawScope.drawContent(LayoutNodeDrawScope.kt:66)
01-04 11:26:03.537  7406  7406 E AndroidRuntime: 	at androidx.compose.foundation.BackgroundNode.draw(Background.kt:155)
01-04 11:26:03.537  7406  7406 E AndroidRuntime: 	at androidx.compose.ui.node.LayoutNodeDrawScope.drawDirect-x_KDEd0$ui_release(LayoutNodeDrawScope.kt:105)
01-04 11:26:03.537  7406  7406 E AndroidRuntime: 	at androidx.compose.ui.node.LayoutNodeDrawScope.draw-x_KDEd0$ui_release(LayoutNodeDrawScope.kt:86)
01-04 11:26:03.537  7406  7406 E AndroidRuntime: 	at androidx.compose.ui.node.NodeCoordinator.drawContainedDrawModifiers(NodeCoordinator.kt:365)
01-04 11:26:03.537  7406  7406 E AndroidRuntime: 	at androidx.compose.ui.node.NodeCoordinator.draw(NodeCoordinator.kt:354)
01-04 11:26:03.537  7406  7406 E AndroidRuntime: 	at androidx.compose.ui.node.LayoutModifierNodeCoordinator.performDraw(LayoutModifierNodeCoordinator.kt:182)
01-04 11:26:03.537  7406  7406 E AndroidRuntime: 	at androidx.compose.ui.node.NodeCoordinator.drawContainedDrawModifiers(NodeCoordinator.kt:362)
01-04 11:26:03.537  7406  7406 E AndroidRuntime: 	at androidx.compose.ui.node.NodeCoordinator.access$drawContainedDrawModifiers(NodeCoordinator.kt:54)
01-04 11:26:03.537  7406  7406 E AndroidRuntime: 	at androidx.compose.ui.node.NodeCoordinator$invoke$1.invoke(NodeCoordinator.kt:384)
01-04 11:26:03.537  7406  7406 E AndroidRuntime: 	at androidx.compose.ui.node.NodeCoordinator$invoke$1.invoke(NodeCoordinator.kt:383)
01-04 11:26:03.537  7406  7406 E AndroidRuntime: 	at androidx.compose.runtime.snapshots.Snapshot$Companion.observe(Snapshot.kt:2299)
01-04 11:26:03.537  7406  7406 E AndroidRuntime: 	at androidx.compose.runtime.snapshots.SnapshotStateObserver$ObservedScopeMap.observe(SnapshotStateObserver.kt:467)
01-04 11:26:03.537  7406  7406 E AndroidRuntime: 	at androidx.compose.runtime.snapshots.SnapshotStateObserver.observeReads(SnapshotStateObserver.kt:230)
01-04 11:26:03.537  7406  7406 E AndroidRuntime: 	at androidx.compose.ui.node.OwnerSnapshotObserver.observeReads$ui_release(OwnerSnapshotObserver.kt:133)
01-04 11:26:03.537  7406  7406 E AndroidRuntime: 	at androidx.compose.ui.node.NodeCoordinator.invoke(NodeCoordinator.kt:383)
01-04 11:26:03.537  7406  7406 E AndroidRuntime: 	at androidx.compose.ui.node.NodeCoordinator.invoke(NodeCoordinator.kt:54)
01-04 11:26:03.537  7406  7406 E AndroidRuntime: 	at androidx.compose.ui.platform.RenderNodeApi29.record(RenderNodeApi29.android.kt:209)
01-04 11:26:03.537  7406  7406 E AndroidRuntime: 	at androidx.compose.ui.platform.RenderNodeLayer.updateDisplayList(RenderNodeLayer.android.kt:305)
01-04 11:26:03.537  7406  7406 E AndroidRuntime: 	at androidx.compose.ui.platform.RenderNodeLayer.drawLayer(RenderNodeLayer.android.kt:246)
01-04 11:26:03.537  7406  7406 E AndroidRuntime: 	at androidx.compose.ui.node.NodeCoordinator.draw(NodeCoordinator.kt:349)
01-04 11:26:03.537  7406  7406 E AndroidRuntime: 	at androidx.compose.ui.node.LayoutNode.draw$ui_release(LayoutNode.kt:922)
01-04 11:26:03.537  7406  7406 E AndroidRuntime: 	at androidx.compose.ui.node.InnerNodeCoordinator.performDraw(InnerNodeCoordinator.kt:174)
01-04 11:26:03.537  7406  7406 E AndroidRuntime: 	at androidx.compose.ui.node.NodeCoordinator.drawContainedDrawModifiers(NodeCoordinator.kt:362)
01-04 11:26:03.537  7406  7406 E AndroidRuntime: 	at androidx.compose.ui.node.NodeCoordinator.draw(NodeCoordinator.kt:354)
01-04 11:26:03.537  7406  7406 E AndroidRuntime: 	at androidx.compose.ui.node.LayoutNode.draw$ui_release(LayoutNode.kt:922)
01-04 11:26:03.537  7406  7406 E AndroidRuntime: 	at androidx.compose.ui.platform.AndroidComposeView.dispatchDraw(AndroidComposeView.android.kt:1133)
01-04 11:26:03.537  7406  7406 E AndroidRuntime: 	at android.view.View.draw(View.java:24935)
01-04 11:26:03.537  7406  7406 E AndroidRuntime: 	at android.view.View.updateDisplayListIfDirty(View.java:23782)
01-04 11:26:03.537  7406  7406 E AndroidRuntime: 	at android.view.View.draw(View.java:24663)
01-04 11:26:03.537  7406  7406 E AndroidRuntime: 	at android.view.ViewGroup.drawChild(ViewGroup.java:4549)
01-04 11:26:03.539  7406  7406 E AndroidRuntime: 	at android.view.ViewGroup.dispatchDraw(ViewGroup.java:4310)
01-04 11:26:03.539  7406  7406 E AndroidRuntime: 	at android.view.View.updateDisplayListIfDirty(View.java:23773)
01-04 11:26:03.539  7406  7406 E AndroidRuntime: 	at android.view.View.draw(View.java:24663)
01-04 11:26:03.539  7406  7406 E AndroidRuntime: 	at android.view.ViewGroup.drawChild(ViewGroup.java:4549)
01-04 11:26:03.539  7406  7406 E AndroidRuntime: 	at android.view.ViewGroup.dispatchDraw(ViewGroup.java:4310)
01-04 11:26:03.539  7406  7406 E AndroidRuntime: 	at android.view.View.updateDisplayListIfDirty(View.java:23773)
01-04 11:26:03.539  7406  7406 E AndroidRuntime: 	at android.view.View.draw(View.java:24663)
01-04 11:26:03.539  7406  7406 E AndroidRuntime: 	at android.view.ViewGroup.drawChild(ViewGroup.java:4549)
01-04 11:26:03.539  7406  7406 E AndroidRuntime: 	at android.view.ViewGroup.dispatchDraw(ViewGroup.java:4310)
01-04 11:26:03.539  7406  7406 E AndroidRuntime: 	at android.view.View.updateDisplayListIfDirty(View.java:23773)
01-04 11:26:03.539  7406  7406 E AndroidRuntime: 	at android.view.View.draw(View.java:24663)
01-04 11:26:03.539  7406  7406 E AndroidRuntime: 	at android.view.ViewGroup.drawChild(ViewGroup.java:4549)
01-04 11:26:03.539  7406  7406 E AndroidRuntime: 	at android.view.ViewGroup.dispatchDraw(ViewGroup.java:4310)
01-04 11:26:03.539  7406  7406 E AndroidRuntime: 	at android.view.View.draw(View.java:24935)
01-04 11:26:03.539  7406  7406 E AndroidRuntime: 	at com.android.internal.policy.DecorView.draw(DecorView.java:799)
01-04 11:26:03.539  7406  7406 E AndroidRuntime: 	at android.view.View.updateDisplayListIfDirty(View.java:23782)
01-04 11:26:03.539  7406  7406 E AndroidRuntime: 	at android.view.ThreadedRenderer.updateViewTreeDisplayList(ThreadedRenderer.java:703)
01-04 11:26:03.539  7406  7406 E AndroidRuntime: 	at android.view.ThreadedRenderer.updateRootDisplayList(ThreadedRenderer.java:709)
01-04 11:26:03.539  7406  7406 E AndroidRuntime: 	at android.view.ThreadedRenderer.draw(ThreadedRenderer.java:807)
01-04 11:26:03.539  7406  7406 E AndroidRuntime: 	at android.view.ViewRootImpl.draw(ViewRootImpl.java:6028)
01-04 11:26:03.539  7406  7406 E AndroidRuntime: 	at android.view.ViewRootImpl.performDraw(ViewRootImpl.java:5674)
01-04 11:26:03.539  7406  7406 E AndroidRuntime: 	at android.view.ViewRootImpl.performTraversals(ViewRootImpl.java:4626)
01-04 11:26:03.539  7406  7406 E AndroidRuntime: 	at android.view.ViewRootImpl.doTraversal(ViewRootImpl.java:3178)
01-04 11:26:03.539  7406  7406 E AndroidRuntime: 	at android.view.ViewRootImpl$TraversalRunnable.run(ViewRootImpl.java:10901)
01-04 11:26:03.539  7406  7406 E AndroidRuntime: 	at android.view.Choreographer$CallbackRecord.run(Choreographer.java:1455)
01-04 11:26:03.539  7406  7406 E AndroidRuntime: 	at android.view.Choreographer$CallbackRecord.run(Choreographer.java:1464)
01-04 11:26:03.539  7406  7406 E AndroidRuntime: 	at android.view.Choreographer.doCallbacks(Choreographer.java:1037)
01-04 11:26:03.539  7406  7406 E AndroidRuntime: 	at android.view.Choreographer.doFrame(Choreographer.java:955)
01-04 11:26:03.539  7406  7406 E AndroidRuntime: 	at android.view.Choreographer$FrameDisplayEventReceiver.run(Choreographer.java:1438)
01-04 11:26:03.539  7406  7406 E AndroidRuntime: 	at android.os.Handler.handleCallback(Handler.java:1001)
01-04 11:26:03.539  7406  7406 E AndroidRuntime: 	at android.os.Handler.dispatchMessage(Handler.java:105)
01-04 11:26:03.539  7406  7406 E AndroidRuntime: 	at android.os.Looper.loopOnce(Looper.java:268)
01-04 11:26:03.539  7406  7406 E AndroidRuntime: 	at android.os.Looper.loop(Looper.java:384)
01-04 11:26:03.539  7406  7406 E AndroidRuntime: 	at android.app.ActivityThread.main(ActivityThread.java:8936)
01-04 11:26:03.539  7406  7406 E AndroidRuntime: 	at java.lang.reflect.Method.invoke(Native Method)
01-04 11:26:03.539  7406  7406 E AndroidRuntime: 	at com.android.internal.os.RuntimeInit$MethodAndArgsCaller.run(RuntimeInit.java:580)
01-04 11:26:03.539  7406  7406 E AndroidRuntime: 	at com.android.internal.os.ZygoteInit.main(ZygoteInit.java:907)
01-04 11:26:03.543  1229  1229 E HWC2    : Invalid CT ID. displayId: 0
01-04 11:26:03.560  1229  1229 E HWC2    : Invalid CT ID. displayId: 0
01-04 11:26:03.577  1229  1229 E HWC2    : Invalid CT ID. displayId: 0
01-04 11:26:03.593  1229  1229 E HWC2    : Invalid CT ID. displayId: 0
01-04 11:26:03.611  1229  1229 E HWC2    : Invalid CT ID. displayId: 0
01-04 11:26:03.622  6330  6972 E FrameEvents: addRelease: Did not find frame.
01-04 11:26:03.627  1229  1229 E HWC2    : Invalid CT ID. displayId: 0
01-04 11:26:03.641  1229  1229 E SurfaceFlinger: Out of order buffers detected for RequestedLayerState{com.motorola.launcher3/com.android.launcher3.CustomizationPanelLauncher#46351 parentId=46348} producedId=3 frameNumber=5 -> producedId=3 frameNumber=2
01-04 11:26:03.643  1229  1229 E HWC2    : Invalid CT ID. displayId: 0
01-04 11:26:03.654 19960 21499 E FrameEvents: addRelease: Did not find frame.
01-04 11:26:03.658  1229  1229 E SurfaceFlinger: Out of order buffers detected for RequestedLayerState{com.motorola.launcher3/com.android.launcher3.CustomizationPanelLauncher#46342 parentId=10524} producedId=332 frameNumber=57 -> producedId=332 frameNumber=2
01-04 11:26:03.660  1229  1229 E HWC2    : Invalid CT ID. displayId: 0
01-04 11:26:03.681  1229  1229 E SurfaceFlinger: Out of order buffers detected for RequestedLayerState{com.motorola.launcher3/com.android.launcher3.CustomizationPanelLauncher#46342 parentId=10524} producedId=332 frameNumber=57 -> producedId=332 frameNumber=3
01-04 11:26:03.683  1229  1229 E HWC2    : Invalid CT ID. displayId: 0
01-04 11:26:03.696  1229  1229 E SurfaceFlinger: Out of order buffers detected for RequestedLayerState{com.motorola.launcher3/com.android.launcher3.CustomizationPanelLauncher#46342 parentId=10524} producedId=332 frameNumber=57 -> producedId=332 frameNumber=4
01-04 11:26:03.698  1229  1229 E HWC2    : Invalid CT ID. displayId: 0
01-04 11:26:03.713  1229  1229 E SurfaceFlinger: Out of order buffers detected for RequestedLayerState{com.motorola.launcher3/com.android.launcher3.CustomizationPanelLauncher#46342 parentId=10524} producedId=332 frameNumber=57 -> producedId=332 frameNumber=5
01-04 11:26:03.721  1229  1229 E HWC2    : Invalid CT ID. displayId: 0
01-04 11:26:03.733  1229  1229 E HWC2    : Invalid CT ID. displayId: 0
01-04 11:26:03.742  1229  1229 E SurfaceFlinger: Out of order buffers detected for RequestedLayerState{com.motorola.launcher3/com.android.launcher3.CustomizationPanelLauncher#46342 parentId=10524} producedId=332 frameNumber=57 -> producedId=332 frameNumber=6
01-04 11:26:03.744  1229  1229 E HWC2    : Invalid CT ID. displayId: 0
01-04 11:26:03.752  1229  1229 E SurfaceFlinger: Out of order buffers detected for RequestedLayerState{com.motorola.launcher3/com.android.launcher3.CustomizationPanelLauncher#46342 parentId=10524} producedId=332 frameNumber=57 -> producedId=332 frameNumber=7
01-04 11:26:03.754  1229  1229 E HWC2    : Invalid CT ID. displayId: 0
01-04 11:26:03.763  1229  1229 E SurfaceFlinger: Out of order buffers detected for RequestedLayerState{com.motorola.launcher3/com.android.launcher3.CustomizationPanelLauncher#46342 parentId=10524} producedId=332 frameNumber=57 -> producedId=332 frameNumber=8
01-04 11:26:03.765  1229  1229 E HWC2    : Invalid CT ID. displayId: 0
01-04 11:26:03.775  1229  1229 E SurfaceFlinger: Out of order buffers detected for RequestedLayerState{com.motorola.launcher3/com.android.launcher3.CustomizationPanelLauncher#46342 parentId=10524} producedId=332 frameNumber=57 -> producedId=332 frameNumber=9
01-04 11:26:03.777  1229  1229 E HWC2    : Invalid CT ID. displayId: 0
01-04 11:26:03.786  1229  1229 E SurfaceFlinger: Out of order buffers detected for RequestedLayerState{com.motorola.launcher3/com.android.launcher3.CustomizationPanelLauncher#46342 parentId=10524} producedId=332 frameNumber=57 -> producedId=332 frameNumber=10
01-04 11:26:03.788  1229  1229 E HWC2    : Invalid CT ID. displayId: 0
01-04 11:26:03.797  1229  1229 E SurfaceFlinger: Out of order buffers detected for RequestedLayerState{com.motorola.launcher3/com.android.launcher3.CustomizationPanelLauncher#46342 parentId=10524} producedId=332 frameNumber=57 -> producedId=332 frameNumber=11
01-04 11:26:03.798  1229  1229 E HWC2    : Invalid CT ID. displayId: 0
01-04 11:26:03.807  1229  1229 E SurfaceFlinger: Out of order buffers detected for RequestedLayerState{com.motorola.launcher3/com.android.launcher3.CustomizationPanelLauncher#46342 parentId=10524} producedId=332 frameNumber=57 -> producedId=332 frameNumber=12
01-04 11:26:03.808  1229  1229 E HWC2    : Invalid CT ID. displayId: 0
01-04 11:26:03.815  1229  1229 E SurfaceFlinger: Out of order buffers detected for RequestedLayerState{com.motorola.launcher3/com.android.launcher3.CustomizationPanelLauncher#46342 parentId=10524} producedId=332 frameNumber=57 -> producedId=332 frameNumber=13
01-04 11:26:03.817  1229  1229 E HWC2    : Invalid CT ID. displayId: 0
01-04 11:26:03.825  1229  1229 E SurfaceFlinger: Out of order buffers detected for RequestedLayerState{com.motorola.launcher3/com.android.launcher3.CustomizationPanelLauncher#46342 parentId=10524} producedId=332 frameNumber=57 -> producedId=332 frameNumber=14
01-04 11:26:03.826  1229  1229 E HWC2    : Invalid CT ID. displayId: 0
01-04 11:26:03.837  1229  1229 E SurfaceFlinger: Out of order buffers detected for RequestedLayerState{com.motorola.launcher3/com.android.launcher3.CustomizationPanelLauncher#46342 parentId=10524} producedId=332 frameNumber=57 -> producedId=332 frameNumber=15
01-04 11:26:03.838  1229  1229 E HWC2    : Invalid CT ID. displayId: 0
01-04 11:26:03.849  1229  1229 E SurfaceFlinger: Out of order buffers detected for RequestedLayerState{com.motorola.launcher3/com.android.launcher3.CustomizationPanelLauncher#46342 parentId=10524} producedId=332 frameNumber=57 -> producedId=332 frameNumber=16
01-04 11:26:03.851  1229  1229 E HWC2    : Invalid CT ID. displayId: 0
01-04 11:26:03.858  1229  1229 E SurfaceFlinger: Out of order buffers detected for RequestedLayerState{com.motorola.launcher3/com.android.launcher3.CustomizationPanelLauncher#46342 parentId=10524} producedId=332 frameNumber=57 -> producedId=332 frameNumber=17
01-04 11:26:03.860  1229  1229 E HWC2    : Invalid CT ID. displayId: 0
01-04 11:26:03.870  1229  1229 E SurfaceFlinger: Out of order buffers detected for RequestedLayerState{com.motorola.launcher3/com.android.launcher3.CustomizationPanelLauncher#46342 parentId=10524} producedId=332 frameNumber=57 -> producedId=332 frameNumber=18
01-04 11:26:03.872  1229  1229 E HWC2    : Invalid CT ID. displayId: 0
01-04 11:26:03.880  1229  1229 E SurfaceFlinger: Out of order buffers detected for RequestedLayerState{com.motorola.launcher3/com.android.launcher3.CustomizationPanelLauncher#46342 parentId=10524} producedId=332 frameNumber=57 -> producedId=332 frameNumber=19
01-04 11:26:03.881  1229  1229 E HWC2    : Invalid CT ID. displayId: 0
01-04 11:26:03.891  1229  1229 E SurfaceFlinger: Out of order buffers detected for RequestedLayerState{com.motorola.launcher3/com.android.launcher3.CustomizationPanelLauncher#46342 parentId=10524} producedId=332 frameNumber=57 -> producedId=332 frameNumber=20
01-04 11:26:03.892  1229  1229 E HWC2    : Invalid CT ID. displayId: 0
01-04 11:26:03.902  1229  1229 E SurfaceFlinger: Out of order buffers detected for RequestedLayerState{com.motorola.launcher3/com.android.launcher3.CustomizationPanelLauncher#46342 parentId=10524} producedId=332 frameNumber=57 -> producedId=332 frameNumber=21
01-04 11:26:03.903  1229  1229 E HWC2    : Invalid CT ID. displayId: 0
01-04 11:26:03.913  1229  1229 E SurfaceFlinger: Out of order buffers detected for RequestedLayerState{com.motorola.launcher3/com.android.launcher3.CustomizationPanelLauncher#46342 parentId=10524} producedId=332 frameNumber=57 -> producedId=332 frameNumber=22
01-04 11:26:03.914  1229  1229 E HWC2    : Invalid CT ID. displayId: 0
01-04 11:26:03.924  1229  1229 E SurfaceFlinger: Out of order buffers detected for RequestedLayerState{com.motorola.launcher3/com.android.launcher3.CustomizationPanelLauncher#46342 parentId=10524} producedId=332 frameNumber=57 -> producedId=332 frameNumber=23
01-04 11:26:03.925  1229  1229 E HWC2    : Invalid CT ID. displayId: 0
01-04 11:26:03.935  1229  1229 E SurfaceFlinger: Out of order buffers detected for RequestedLayerState{com.motorola.launcher3/com.android.launcher3.CustomizationPanelLauncher#46342 parentId=10524} producedId=332 frameNumber=57 -> producedId=332 frameNumber=24
01-04 11:26:03.936  1229  1229 E HWC2    : Invalid CT ID. displayId: 0
01-04 11:26:03.946  1229  1229 E SurfaceFlinger: Out of order buffers detected for RequestedLayerState{com.motorola.launcher3/com.android.launcher3.CustomizationPanelLauncher#46342 parentId=10524} producedId=332 frameNumber=57 -> producedId=332 frameNumber=25
01-04 11:26:03.948  1229  1229 E HWC2    : Invalid CT ID. displayId: 0
01-04 11:26:03.958  1229  1229 E SurfaceFlinger: Out of order buffers detected for RequestedLayerState{com.motorola.launcher3/com.android.launcher3.CustomizationPanelLauncher#46342 parentId=10524} producedId=332 frameNumber=57 -> producedId=332 frameNumber=26
01-04 11:26:03.961  1229  1229 E HWC2    : Invalid CT ID. displayId: 0
01-04 11:26:03.978  1229  1229 E SurfaceFlinger: Out of order buffers detected for RequestedLayerState{com.motorola.launcher3/com.android.launcher3.CustomizationPanelLauncher#46342 parentId=10524} producedId=332 frameNumber=57 -> producedId=332 frameNumber=27
01-04 11:26:03.980  1229  1229 E HWC2    : Invalid CT ID. displayId: 0
01-04 11:26:03.980  7346  7426 E MediaCodec: Pending dequeue output buffer request cancelled
01-04 11:26:03.990  1229  1229 E SurfaceFlinger: Out of order buffers detected for RequestedLayerState{com.motorola.launcher3/com.android.launcher3.CustomizationPanelLauncher#46342 parentId=10524} producedId=332 frameNumber=57 -> producedId=332 frameNumber=28
01-04 11:26:03.991  1229  1229 E HWC2    : Invalid CT ID. displayId: 0
01-04 11:26:03.995  7346  7370 E BufferQueueProducer: [GraphicBufferSource](id:1cb200000001,api:1,p:1229,c:7346) dequeueBuffer: BufferQueue has been abandoned
01-04 11:26:03.996  1229  1229 E CompositionEngine: ANativeWindow::dequeueBuffer failed for display [studio.screen.sharing:0] with error: -19
01-04 11:26:04.001  1229  1229 E SurfaceFlinger: Out of order buffers detected for RequestedLayerState{com.motorola.launcher3/com.android.launcher3.CustomizationPanelLauncher#46342 parentId=10524} producedId=332 frameNumber=57 -> producedId=332 frameNumber=29
01-04 11:26:04.003  1229  1229 E HWC2    : Invalid CT ID. displayId: 0
01-04 11:26:04.003  7346  7370 E BufferQueueProducer: [GraphicBufferSource](id:1cb200000001,api:1,p:1229,c:7346) dequeueBuffer: BufferQueue has been abandoned
01-04 11:26:04.003  1229  1229 E CompositionEngine: ANativeWindow::dequeueBuffer failed for display [studio.screen.sharing:0] with error: -19
01-04 11:26:04.013  1229  1229 E SurfaceFlinger: Out of order buffers detected for RequestedLayerState{com.motorola.launcher3/com.android.launcher3.CustomizationPanelLauncher#46342 parentId=10524} producedId=332 frameNumber=57 -> producedId=332 frameNumber=30
01-04 11:26:04.014  1229  1229 E HWC2    : Invalid CT ID. displayId: 0
01-04 11:26:04.015  7346  7370 E BufferQueueProducer: [GraphicBufferSource](id:1cb200000001,api:1,p:1229,c:7346) dequeueBuffer: BufferQueue has been abandoned
01-04 11:26:04.016  1229  1229 E CompositionEngine: ANativeWindow::dequeueBuffer failed for display [studio.screen.sharing:0] with error: -19
01-04 11:26:04.024  1229  1229 E SurfaceFlinger: Out of order buffers detected for RequestedLayerState{com.motorola.launcher3/com.android.launcher3.CustomizationPanelLauncher#46342 parentId=10524} producedId=332 frameNumber=57 -> producedId=332 frameNumber=31
01-04 11:26:04.026  1229  1229 E HWC2    : Invalid CT ID. displayId: 0
01-04 11:26:04.039  1229  1229 E HWC2    : Invalid CT ID. displayId: 0
01-04 11:26:04.047  1229  1229 E HWC2    : Invalid CT ID. displayId: 0
01-04 11:26:04.059  1229  1229 E HWC2    : Invalid CT ID. displayId: 0
01-04 11:26:04.069  1229  1229 E HWC2    : Invalid CT ID. displayId: 0
01-04 11:26:04.081  1229  1229 E HWC2    : Invalid CT ID. displayId: 0
01-04 11:26:04.090  1229  1229 E SurfaceFlinger: Out of order buffers detected for RequestedLayerState{com.motorola.launcher3/com.android.launcher3.CustomizationPanelLauncher#46342 parentId=10524} producedId=332 frameNumber=57 -> producedId=332 frameNumber=32
01-04 11:26:04.092  1229  1229 E HWC2    : Invalid CT ID. displayId: 0
01-04 11:26:04.101  1229  1229 E SurfaceFlinger: Out of order buffers detected for RequestedLayerState{com.motorola.launcher3/com.android.launcher3.CustomizationPanelLauncher#46342 parentId=10524} producedId=332 frameNumber=57 -> producedId=332 frameNumber=33
01-04 11:26:04.103  1229  1229 E HWC2    : Invalid CT ID. displayId: 0
01-04 11:26:04.112  1229  1229 E SurfaceFlinger: Out of order buffers detected for RequestedLayerState{com.motorola.launcher3/com.android.launcher3.CustomizationPanelLauncher#46342 parentId=10524} producedId=332 frameNumber=57 -> producedId=332 frameNumber=34
01-04 11:26:04.113  1229  1229 E HWC2    : Invalid CT ID. displayId: 0
01-04 11:26:04.123  1229  1229 E SurfaceFlinger: Out of order buffers detected for RequestedLayerState{com.motorola.launcher3/com.android.launcher3.CustomizationPanelLauncher#46342 parentId=10524} producedId=332 frameNumber=57 -> producedId=332 frameNumber=35
01-04 11:26:04.124  1229  1229 E HWC2    : Invalid CT ID. displayId: 0
01-04 11:26:04.127  7346  7447 E Codec2Buffer: handle is not compatible to any gralloc C2Handle types
01-04 11:26:04.134  1229  1229 E SurfaceFlinger: Out of order buffers detected for RequestedLayerState{com.motorola.launcher3/com.android.launcher3.CustomizationPanelLauncher#46342 parentId=10524} producedId=332 frameNumber=57 -> producedId=332 frameNumber=36
01-04 11:26:04.135  1229  1229 E HWC2    : Invalid CT ID. displayId: 0
01-04 11:26:04.145  1229  1229 E SurfaceFlinger: Out of order buffers detected for RequestedLayerState{com.motorola.launcher3/com.android.launcher3.CustomizationPanelLauncher#46342 parentId=10524} producedId=332 frameNumber=57 -> producedId=332 frameNumber=37
01-04 11:26:04.146  1229  1229 E HWC2    : Invalid CT ID. displayId: 0
01-04 11:26:04.156  1229  1229 E SurfaceFlinger: Out of order buffers detected for RequestedLayerState{com.motorola.launcher3/com.android.launcher3.CustomizationPanelLauncher#46342 parentId=10524} producedId=332 frameNumber=57 -> producedId=332 frameNumber=38
01-04 11:26:04.157  1229  1229 E HWC2    : Invalid CT ID. displayId: 0
01-04 11:26:04.167  1229  1229 E SurfaceFlinger: Out of order buffers detected for RequestedLayerState{com.motorola.launcher3/com.android.launcher3.CustomizationPanelLauncher#46342 parentId=10524} producedId=332 frameNumber=57 -> producedId=332 frameNumber=39
01-04 11:26:04.168  1229  1229 E SurfaceFlinger: [studio.screen.sharing:0] getUniqueId: Invalid operation on virtual display
01-04 11:26:04.168  1229  1229 E SurfaceFlinger: [studio.screen.sharing:0] getUniqueId: Invalid operation on virtual display
01-04 11:26:04.168  1229  1229 E Surface : Failed to getUniqueId()
01-04 11:26:04.176  1229  1229 E SurfaceFlinger: Out of order buffers detected for RequestedLayerState{com.motorola.launcher3/com.android.launcher3.CustomizationPanelLauncher#46342 parentId=10524} producedId=332 frameNumber=57 -> producedId=332 frameNumber=40
01-04 11:26:04.178  1229  1229 E HWC2    : Invalid CT ID. displayId: 0
01-04 11:26:04.189  1229  1229 E SurfaceFlinger: Out of order buffers detected for RequestedLayerState{com.motorola.launcher3/com.android.launcher3.CustomizationPanelLauncher#46342 parentId=10524} producedId=332 frameNumber=57 -> producedId=332 frameNumber=41
01-04 11:26:04.190 19960 21499 E BLASTBufferQueue: [VRI[CustomizationPanelLauncher]#332](f:0,a:3) Faking releaseBufferCallback from transactionCompleteCallback 38
01-04 11:26:04.192  1229  1229 E HWC2    : Invalid CT ID. displayId: 0
01-04 11:26:04.202  1229  1229 E HWC2    : Invalid CT ID. displayId: 0
01-04 11:26:04.212  1229  1229 E HWC2    : Invalid CT ID. displayId: 0
01-04 11:26:04.224  1229  1229 E HWC2    : Invalid CT ID. displayId: 0
01-04 11:26:04.235  1229  1229 E HWC2    : Invalid CT ID. displayId: 0
01-04 11:26:04.247  1229  1229 E HWC2    : Invalid CT ID. displayId: 0
01-04 11:26:04.257  1229  1229 E HWC2    : Invalid CT ID. displayId: 0
01-04 11:26:04.268  1229  1229 E HWC2    : Invalid CT ID. displayId: 0
01-04 11:26:04.279  1229  1229 E HWC2    : Invalid CT ID. displayId: 0
01-04 11:26:04.290  1229  1229 E HWC2    : Invalid CT ID. displayId: 0
01-04 11:26:04.301  1229  1229 E HWC2    : Invalid CT ID. displayId: 0
01-04 11:26:04.312  1229  1229 E HWC2    : Invalid CT ID. displayId: 0
01-04 11:26:04.323  1229  1229 E HWC2    : Invalid CT ID. displayId: 0
01-04 11:26:04.335  1229  1229 E HWC2    : Invalid CT ID. displayId: 0
01-04 11:26:04.346  1229  1229 E HWC2    : Invalid CT ID. displayId: 0
01-04 11:26:04.356  1229  1229 E HWC2    : Invalid CT ID. displayId: 0
01-04 11:26:04.368  1229  1229 E HWC2    : Invalid CT ID. displayId: 0
01-04 11:26:04.379  1229  1229 E HWC2    : Invalid CT ID. displayId: 0
01-04 11:26:04.394  1229  1229 E HWC2    : Invalid CT ID. displayId: 0
01-04 11:26:04.405  1229  1229 E HWC2    : Invalid CT ID. displayId: 0
01-04 11:26:04.422  1229  1229 E HWC2    : Invalid CT ID. displayId: 0
01-04 11:26:04.432  1229  1229 E HWC2    : Invalid CT ID. displayId: 0
01-04 11:26:04.443  1229  1229 E HWC2    : Invalid CT ID. displayId: 0
01-04 11:26:04.456  1229  1229 E HWC2    : Invalid CT ID. displayId: 0
01-04 11:26:04.467  1229  1229 E HWC2    : Invalid CT ID. displayId: 0
01-04 11:26:04.478  1229  1229 E HWC2    : Invalid CT ID. displayId: 0
01-04 11:26:04.489  1229  1229 E HWC2    : Invalid CT ID. displayId: 0
01-04 11:26:04.500  1229  1229 E HWC2    : Invalid CT ID. displayId: 0
01-04 11:26:04.511  1229  1229 E HWC2    : Invalid CT ID. displayId: 0
01-04 11:26:04.522  1229  1229 E HWC2    : Invalid CT ID. displayId: 0
01-04 11:26:04.533  1229  1229 E HWC2    : Invalid CT ID. displayId: 0
01-04 11:26:04.544  1229  1229 E HWC2    : Invalid CT ID. displayId: 0
01-04 11:26:04.555  1229  1229 E HWC2    : Invalid CT ID. displayId: 0
01-04 11:26:04.566  1229  1229 E HWC2    : Invalid CT ID. displayId: 0
01-04 11:26:04.577  1229  1229 E HWC2    : Invalid CT ID. displayId: 0
01-04 11:26:04.588  1229  1229 E HWC2    : Invalid CT ID. displayId: 0
01-04 11:26:04.599  1229  1229 E HWC2    : Invalid CT ID. displayId: 0
01-04 11:26:04.610  1229  1229 E HWC2    : Invalid CT ID. displayId: 0
01-04 11:26:04.622  1229  1229 E HWC2    : Invalid CT ID. displayId: 0
01-04 11:26:04.633  1229  1229 E HWC2    : Invalid CT ID. displayId: 0
01-04 11:26:04.644  1229  1229 E HWC2    : Invalid CT ID. displayId: 0
01-04 11:26:04.655  1229  1229 E HWC2    : Invalid CT ID. displayId: 0
01-04 11:26:04.666  1229  1229 E HWC2    : Invalid CT ID. displayId: 0
01-04 11:26:04.677  1229  1229 E HWC2    : Invalid CT ID. displayId: 0
01-04 11:26:04.688  1229  1229 E HWC2    : Invalid CT ID. displayId: 0
01-04 11:26:04.699  1229  1229 E HWC2    : Invalid CT ID. displayId: 0
01-04 11:26:04.710  1229  1229 E HWC2    : Invalid CT ID. displayId: 0
01-04 11:26:04.721  1229  1229 E HWC2    : Invalid CT ID. displayId: 0
01-04 11:26:04.732  1229  1229 E HWC2    : Invalid CT ID. displayId: 0
01-04 11:26:04.744  1229  1229 E HWC2    : Invalid CT ID. displayId: 0
01-04 11:26:04.755  1229  1229 E HWC2    : Invalid CT ID. displayId: 0
01-04 11:26:04.765  1229  1229 E HWC2    : Invalid CT ID. displayId: 0
01-04 11:26:04.777  1229  1229 E HWC2    : Invalid CT ID. displayId: 0
01-04 11:26:04.788  1229  1229 E HWC2    : Invalid CT ID. displayId: 0
01-04 11:26:04.798  1229  1229 E HWC2    : Invalid CT ID. displayId: 0
01-04 11:26:04.810  1229  1229 E HWC2    : Invalid CT ID. displayId: 0
01-04 11:26:04.821  1229  1229 E HWC2    : Invalid CT ID. displayId: 0
01-04 11:26:04.832  1229  1229 E HWC2    : Invalid CT ID. displayId: 0
01-04 11:26:04.843  1229  1229 E HWC2    : Invalid CT ID. displayId: 0
01-04 11:26:05.332  1229  1229 E HWC2    : Invalid CT ID. displayId: 0
01-04 11:26:05.344  1229  1229 E HWC2    : Invalid CT ID. displayId: 0
01-04 11:26:05.356  1229  1229 E HWC2    : Invalid CT ID. displayId: 0
01-04 11:26:05.387  1229  1229 E HWC2    : Invalid CT ID. displayId: 0
01-04 11:26:05.444  1229  1229 E HWC2    : Invalid CT ID. displayId: 0
01-04 11:26:05.478  1229  1229 E HWC2    : Invalid CT ID. displayId: 0
01-04 11:26:05.516  1229  1229 E HWC2    : Invalid CT ID. displayId: 0
01-04 11:26:06.016  1229  1229 E HWC2    : Invalid CT ID. displayId: 0
01-04 11:26:06.029  1229  1229 E HWC2    : Invalid CT ID. displayId: 0
01-04 11:26:06.300 29065 30461 E TaskPersister: File error accessing recents directory (directory doesn't exist?).
01-04 11:26:06.385  1229  1229 E HWC2    : Invalid CT ID. displayId: 0
01-04 11:26:06.419  1229  1229 E HWC2    : Invalid CT ID. displayId: 0
01-04 11:26:06.429  1160 29152 E SensorsMultiHal: Decrementing wakelock ref count by 2 when count is 1
01-04 11:26:06.440  1229  1229 E HWC2    : Invalid CT ID. displayId: 0
01-04 11:26:06.517  1229  1229 E HWC2    : Invalid CT ID. displayId: 0
01-04 11:26:06.531  1229  1229 E HWC2    : Invalid CT ID. displayId: 0
01-04 11:26:06.548  1229  1229 E HWC2    : Invalid CT ID. displayId: 0
01-04 11:26:06.560  1229  1229 E HWC2    : Invalid CT ID. displayId: 0
01-04 11:26:06.567  1811  1816 E [GF_HAL][gf_hal_milan]: [hal_milan_invoke_command] err=GF_SUCCESS, errno=0. reset g_hal_over_current_count to 0!
01-04 11:26:06.570  1229  1229 E HWC2    : Invalid CT ID. displayId: 0
01-04 11:26:06.580  1229  1229 E HWC2    : Invalid CT ID. displayId: 0
01-04 11:26:06.588  1229  1229 E HWC2    : Invalid CT ID. displayId: 0
01-04 11:26:06.597  1229  1229 E HWC2    : Invalid CT ID. displayId: 0
01-04 11:26:06.608  1229  1229 E HWC2    : Invalid CT ID. displayId: 0
01-04 11:26:06.618  1229  1229 E HWC2    : Invalid CT ID. displayId: 0
01-04 11:26:06.630  1229  1229 E HWC2    : Invalid CT ID. displayId: 0
01-04 11:26:06.640  1229  1229 E HWC2    : Invalid CT ID. displayId: 0
01-04 11:26:06.652  1229  1229 E HWC2    : Invalid CT ID. displayId: 0
01-04 11:26:06.663  1229  1229 E HWC2    : Invalid CT ID. displayId: 0
01-04 11:26:06.674  1229  1229 E HWC2    : Invalid CT ID. displayId: 0
01-04 11:26:06.684  1229  1229 E HWC2    : Invalid CT ID. displayId: 0
01-04 11:26:06.696  1229  1229 E HWC2    : Invalid CT ID. displayId: 0
01-04 11:26:06.707  1229  1229 E HWC2    : Invalid CT ID. displayId: 0
01-04 11:26:06.718  1229  1229 E HWC2    : Invalid CT ID. displayId: 0
01-04 11:26:06.729  1229  1229 E HWC2    : Invalid CT ID. displayId: 0
01-04 11:26:06.740  1229  1229 E HWC2    : Invalid CT ID. displayId: 0
01-04 11:26:06.751  1229  1229 E HWC2    : Invalid CT ID. displayId: 0
01-04 11:26:06.762  1229  1229 E HWC2    : Invalid CT ID. displayId: 0
01-04 11:26:06.773  1229  1229 E HWC2    : Invalid CT ID. displayId: 0
01-04 11:26:06.784  1229  1229 E HWC2    : Invalid CT ID. displayId: 0
01-04 11:26:06.795  1229  1229 E HWC2    : Invalid CT ID. displayId: 0
01-04 11:26:06.806  1229  1229 E HWC2    : Invalid CT ID. displayId: 0
01-04 11:26:06.817  1229  1229 E HWC2    : Invalid CT ID. displayId: 0
01-04 11:26:06.828  1229  1229 E HWC2    : Invalid CT ID. displayId: 0
01-04 11:26:06.840  1229  1229 E HWC2    : Invalid CT ID. displayId: 0
01-04 11:26:06.851  1229  1229 E HWC2    : Invalid CT ID. displayId: 0
01-04 11:26:06.862  1229  1229 E HWC2    : Invalid CT ID. displayId: 0
01-04 11:26:06.872  1229  1229 E HWC2    : Invalid CT ID. displayId: 0
01-04 11:26:06.884  1229  1229 E HWC2    : Invalid CT ID. displayId: 0
01-04 11:26:06.895  1229  1229 E HWC2    : Invalid CT ID. displayId: 0
01-04 11:26:06.906  1229  1229 E HWC2    : Invalid CT ID. displayId: 0
01-04 11:26:06.917  1229  1229 E HWC2    : Invalid CT ID. displayId: 0
01-04 11:26:06.928  1229  1229 E HWC2    : Invalid CT ID. displayId: 0
01-04 11:26:06.939  1229  1229 E HWC2    : Invalid CT ID. displayId: 0
01-04 11:26:06.950  1229  1229 E HWC2    : Invalid CT ID. displayId: 0
01-04 11:26:06.961  1229  1229 E HWC2    : Invalid CT ID. displayId: 0
01-04 11:26:06.972  1229  1229 E HWC2    : Invalid CT ID. displayId: 0
01-04 11:26:06.983  1229  1229 E HWC2    : Invalid CT ID. displayId: 0
01-04 11:26:06.994  1229  1229 E HWC2    : Invalid CT ID. displayId: 0
01-04 11:26:07.005  1229  1229 E HWC2    : Invalid CT ID. displayId: 0
01-04 11:26:07.016  1229  1229 E HWC2    : Invalid CT ID. displayId: 0
01-04 11:26:07.029  1458  1514 E flp     : mnld_screen_monitor_thread: Screen off
01-04 11:26:07.032  1229  1229 E HWC2    : Invalid CT ID. displayId: 0
01-04 11:26:07.044  1229  1229 E HWC2    : Invalid CT ID. displayId: 0
01-04 11:26:07.048 29065 29122 E Surface : freeAllBuffers: 1 buffers were freed while being dequeued!
01-04 11:26:07.052 29065 29122 E Surface : getSlotFromBufferLocked: unknown buffer: 0xb400007ad141f300
01-04 11:26:07.052 29065 29122 E IMGSRV  : :939: QueueCancelBufferWrapper: Failed to cancel buffer 0xb400007ad141f210 (-22)
01-04 11:26:07.053  1229  1229 E HWC2    : Invalid CT ID. displayId: 0
01-04 11:26:07.063  1229  1229 E HWC2    : Invalid CT ID. displayId: 0
01-04 11:26:07.067 29065 29122 E Surface : freeAllBuffers: 1 buffers were freed while being dequeued!
01-04 11:26:07.073 29065 29122 E Surface : getSlotFromBufferLocked: unknown buffer: 0xb400007a61c58b00
01-04 11:26:07.073 29065 29122 E IMGSRV  : :939: QueueCancelBufferWrapper: Failed to cancel buffer 0xb400007a61c58a10 (-22)
01-04 11:26:07.077  1229  1229 E HWC2    : Invalid CT ID. displayId: 0
01-04 11:26:07.094  1229  1229 E HWC2    : Invalid CT ID. displayId: 0
01-04 11:26:07.105  1154  1613 E hwcomposer: [JOB] (0) Handle a job with no visible layer  
01-04 11:26:07.278 29065 29280 E MTKBoostFramework: zengzm sAcquireFunc public int com.mediatek.powerhalwrapper.PowerHalWrapper.perfLockAcquire(int,int,int[])
01-04 11:26:07.280  1457  1457 E thermal_core: encrypted_policy 0
01-04 11:26:07.283  1457  1457 E thermal_core: 0: TZ 22 ap_ntc, CL tskin_control, target 0, th 0, hy 0, mode 0
01-04 11:26:07.283  1457  1457 E thermal_core: 1: TZ 49 front_temp, CL cpu_table_mapping, target 2, th 0, hy 0, mode 0
01-04 11:26:07.283  1457  1457 E thermal_core: 2: TZ 49 front_temp, CL gpu_table_mapping, target 2, th 0, hy 0, mode 0
01-04 11:26:07.283  1457  1457 E thermal_core: 3: TZ 22 ap_ntc, CL charger_cooler, target 2, th 0, hy 0, mode 0
01-04 11:26:07.288  1457  1457 E thermal_core: encrypted_policy 0
01-04 11:26:07.291  1457  1457 E thermal_core: 0: TZ 22 ap_ntc, CL tskin_control, target 0, th 0, hy 0, mode 0
01-04 11:26:07.291  1457  1457 E thermal_core: 1: TZ 49 front_temp, CL cpu_table_mapping, target 2, th 0, hy 0, mode 0
01-04 11:26:07.291  1457  1457 E thermal_core: 2: TZ 49 front_temp, CL gpu_table_mapping, target 2, th 0, hy 0, mode 0
01-04 11:26:07.291  1457  1457 E thermal_core: 3: TZ 22 ap_ntc, CL charger_cooler, target 2, th 0, hy 0, mode 0
01-04 11:26:07.371 29326 29326 E MotoDozeSensorTypeBuilder: This sensor type(25) is not supported.
01-04 11:26:07.371 29326 29326 E MotoDozeSensorTypeBuilder: This sensor type(65596) is not supported.
01-04 11:26:07.394  1160  1160 E SensorManager: Correct handle(99) mindelay: 200000000 old: 1000000
01-04 11:26:07.405  1160  1160 E SensorManager: Correct handle(91) mindelay: 200000000 old: 1000000
01-04 11:26:07.493 17372  6431 E NearbyMediums: MEDIUM_ERROR [SYSTEM][WIFI_LAN][START_LISTENING_INCOMING_CONNECTION][ACCEPT_CONNECTION_FAILED][SOCKET_CLOSED], service-id=NearbySharing
01-04 11:26:07.493 17372  6431 E NearbyMediums: Extra Sensitive/PII message : Socket closed
01-04 11:26:07.505 29065 29644 E PersistenceController: SettingNotFoundException: sv_face_enabled
01-04 11:26:07.511 29065 29644 E PersistenceController: SettingNotFoundException: sv_face_enabled
01-04 11:26:07.531 29065  7472 E PersistenceController: SettingNotFoundException: sv_face_enabled
01-04 11:26:07.534 29065  7472 E PersistenceController: SettingNotFoundException: sv_face_enabled
01-04 11:26:07.569 29326 29427 E FromGoneTransitionInteractor: Ignoring startTransition: This interactor asked to transition from GONE -> LOCKSCREEN, but we last transitioned to DOZING, not GONE. This should never happen - check currentTransitionInfoInternal or use filterRelevantKeyguardState before starting transitions.
01-04 11:26:07.918 29065 29320 E AppOps  : Attribution not found: uid=10197 pkg=com.google.android.gms(activity_recognition_provider) op=ACTIVITY_RECOGNITION
01-04 11:26:09.277  1457  1924 E thermal_core: big tpcb jump! previous/current = 27330/-274000
01-04 11:26:09.941  1160  1226 E SensorsMultiHal: Decrementing wakelock ref count by 1 when count is 0
01-04 11:26:09.959 12066 12087 E ble_sec : btm_ble_sec.cc:1394 btm_ble_ltk_request_reply: key size=16
01-04 11:26:09.963 12066 12087 E bt_btu_hcif: btu_hcif.cc:1046 btu_hcif_hdl_command_complete: Command complete for opcode:0x201a should not be handled here
01-04 11:26:10.308 12066 12087 E gatt_utils: gatt_utils.cc:1768 gatt_cleanup_upon_disc: Disconnect for unknown connection bd_addr:xx:xx:xx:xx:e3:fc reason:UNKNOWN[61] transport:BT_TRANSPORT_LE
01-04 11:26:12.278  1457  1924 E thermal_core: big tpcb jump! previous/current = -274000/26846
01-04 11:26:14.417 19960 19960 E FrameTracker: force finish cuj, time out: J<IME_INSETS_SHOW_ANIMATION::0@1@com.motorola.launcher3>
01-04 11:26:18.135  7508  7524 E JsonConfig: No config found for face-beauty-ui
01-04 11:26:18.135  7508  7524 E JsonConfig: No config found for face-beauty-ui
01-04 11:26:18.137  7508  7524 E JsonConfig: Failed to get panorama exposure adjustment, use default: 0.0f
01-04 11:26:18.137  7508  7524 E JsonConfig: Failed to get panorama max gain, use default: 256.0f
01-04 11:26:18.137  7508  7524 E JsonConfig: Failed to get panorama rotation ratio value, use default: 0.96
01-04 11:26:18.186  7508  7524 E VendorTagDescriptor: lookupTag: Tag name 'control.vstab_smarteis_support' does not exist.
01-04 11:26:18.192  7508  7524 E VendorTagDescriptor: lookupTag: Tag name 'quadra_cfa.photo_mode_high_resolution_sizes' does not exist.
01-04 11:26:18.193  7508  7524 E VendorTagDescriptor: lookupTag: Tag name 'quadra_cfa.photo_mode_high_resolution_sizes' does not exist.
01-04 11:26:18.194  7508  7524 E VendorTagDescriptor: lookupTag: Tag name 'quadra_cfa.photo_mode_high_resolution_sizes' does not exist.
01-04 11:26:18.204  7508  7524 E VendorTagDescriptor: lookupTag: Tag name 'staticinfo.supports_mcf' does not exist.
01-04 11:26:18.204  7508  7524 E VendorTagDescriptor: lookupTag: Tag name 'staticinfo.supports_reproc' does not exist.
01-04 11:26:18.205  7508  7524 E SettingsManager: Can't find an icon for Ultra-Res!
01-04 11:26:18.403  7508  7531 E McfUtils: sceneModeConvert JAVA sceneMode: YUV_SUPER_NIGHT not supported
01-04 11:26:18.403  7508  7531 E McfUtils: sceneModeConvert JAVA sceneMode: YUV_SUPER_NIGHT_DEDICATED not supported
01-04 11:26:18.403  7508  7531 E McfUtils: sceneModeConvert JAVA sceneMode: YUV_AS_SUPER_NIGHT not supported
01-04 11:26:18.406  7508  7531 E MCF_AlgInterface_MOTDRSDv2: parseJson MotDRSDv2 disabled
01-04 11:26:18.407  7508  7531 E McfConfig: loadConfiguration: ai-scene-detect-capture exists
01-04 11:26:18.407  7508  7531 E MCF_AlgInterface_MotNVDetect: parseJson MotNVDetect disabled
01-04 11:26:18.407  7508  7531 E MCF_AlgInterface_AsBandingDetect: parseJson Arcsoft Banding detect alg disabled
01-04 11:26:18.410  7508  7531 E MCF_AlgInterface_MOTDRSDv2: parseJson MotDRSDv2 disabled
01-04 11:26:18.410  7508  7531 E McfConfig: loadConfiguration: ai-scene-detect-capture exists
01-04 11:26:18.410  7508  7531 E MCF_AlgInterface_MotNVDetect: parseJson MotNVDetect disabled
01-04 11:26:18.410  7508  7531 E MCF_AlgInterface_AsBandingDetect: parseJson Arcsoft Banding detect alg disabled
01-04 11:26:18.412  7508  7531 E MCF_AlgInterface_MOTDRSDv2: parseJson MotDRSDv2 disabled
01-04 11:26:18.412  7508  7531 E McfConfig: loadConfiguration: ai-scene-detect-capture exists
01-04 11:26:18.412  7508  7531 E MCF_AlgInterface_MotNVDetect: parseJson MotNVDetect disabled
01-04 11:26:18.412  7508  7531 E MCF_AlgInterface_AsBandingDetect: parseJson Arcsoft Banding detect alg disabled
01-04 11:26:18.413  7508  7531 E MCF_AlgInterface_MOTDRSDv2: parseJson MotDRSDv2 disabled
01-04 11:26:18.413  7508  7531 E McfConfig: loadConfiguration: ai-scene-detect-capture exists
01-04 11:26:18.413  7508  7531 E MCF_AlgInterface_MotNVDetect: parseJson MotNVDetect disabled
01-04 11:26:18.413  7508  7531 E MCF_AlgInterface_AsBandingDetect: parseJson Arcsoft Banding detect alg disabled
01-04 11:26:18.416  7508  7531 E MCF_AlgInterface_MOTDRSDv2: parseJson MotDRSDv2 disabled
01-04 11:26:18.416  7508  7531 E McfConfig: loadConfiguration: ai-scene-detect-capture exists
01-04 11:26:18.416  7508  7531 E MCF_AlgInterface_MotNVDetect: parseJson MotNVDetect disabled
01-04 11:26:18.416  7508  7531 E MCF_AlgInterface_AsBandingDetect: parseJson Arcsoft Banding detect alg disabled
01-04 11:26:18.419  7508  7531 E MCF_AlgInterface_MOTDRSDv2: parseJson MotDRSDv2 disabled
01-04 11:26:18.419  7508  7531 E McfConfig: loadConfiguration: ai-scene-detect-capture exists
01-04 11:26:18.419  7508  7531 E MCF_AlgInterface_MotNVDetect: parseJson MotNVDetect disabled
01-04 11:26:18.419  7508  7531 E MCF_AlgInterface_AsBandingDetect: parseJson Arcsoft Banding detect alg disabled
01-04 11:26:20.259 12066 12087 E ble_sec : btm_ble_sec.cc:1394 btm_ble_ltk_request_reply: key size=16
01-04 11:26:20.265 12066 12087 E bt_btu_hcif: btu_hcif.cc:1046 btu_hcif_hdl_command_complete: Command complete for opcode:0x201a should not be handled here
01-04 11:26:20.294 12066 12087 E gatt_utils: gatt_utils.cc:1768 gatt_cleanup_upon_disc: Disconnect for unknown connection bd_addr:xx:xx:xx:xx:e3:fc reason:UNKNOWN[61] transport:BT_TRANSPORT_LE
01-04 11:26:29.999 12066 12087 E ble_sec : btm_ble_sec.cc:1394 btm_ble_ltk_request_reply: key size=16
01-04 11:26:30.004 12066 12087 E bt_btu_hcif: btu_hcif.cc:1046 btu_hcif_hdl_command_complete: Command complete for opcode:0x201a should not be handled here
01-04 11:26:30.152 12066 12087 E gatt_utils: gatt_utils.cc:1768 gatt_cleanup_upon_disc: Disconnect for unknown connection bd_addr:xx:xx:xx:xx:e3:fc reason:UNKNOWN[61] transport:BT_TRANSPORT_LE
01-04 11:26:38.862  7346  7548 E Codec2Buffer: handle is not compatible to any gralloc C2Handle types
01-04 11:26:38.915  1229  1229 E SurfaceFlinger: [studio.screen.sharing:0] getUniqueId: Invalid operation on virtual display
01-04 11:26:38.915  1229  1229 E SurfaceFlinger: [studio.screen.sharing:0] getUniqueId: Invalid operation on virtual display
01-04 11:26:38.915  1229  1229 E Surface : Failed to getUniqueId()
01-04 11:26:39.199  7346  7555 E Codec2Buffer: handle is not compatible to any gralloc C2Handle types
01-04 11:26:39.249  1229  1229 E SurfaceFlinger: [studio.screen.sharing:0] getUniqueId: Invalid operation on virtual display
01-04 11:26:39.249  1229  1229 E SurfaceFlinger: [studio.screen.sharing:0] getUniqueId: Invalid operation on virtual display
01-04 11:26:39.249  1229  1229 E Surface : Failed to getUniqueId()
